08:35:05 **** Build of project PS918106840727 ****
make -k all 
"Running Make include in ps7_cortexa9_0/libsrc/coresightps_dcc_v1_5/src"
make -C ps7_cortexa9_0/libsrc/coresightps_dcc_v1_5/src -s include  "SHELL=CMD" "COMPILER=arm-none-eabi-gcc" "ARCHIVER=arm-none-eabi-ar" "COMPILER_FLAGS=  -O2 -c" "EXTRA_COMPILER_FLAGS=-mcpu=cortex-a9 -mfpu=vfpv3 -mfloat-abi=hard -nostartfiles -g -Wall -Wextra"
"Running Make include in ps7_cortexa9_0/libsrc/cpu_cortexa9_v2_7/src"
make -C ps7_cortexa9_0/libsrc/cpu_cortexa9_v2_7/src -s include  "SHELL=CMD" "COMPILER=arm-none-eabi-gcc" "ARCHIVER=arm-none-eabi-ar" "COMPILER_FLAGS=  -O2 -c" "EXTRA_COMPILER_FLAGS=-mcpu=cortex-a9 -mfpu=vfpv3 -mfloat-abi=hard -nostartfiles -g -Wall -Wextra"
"Running Make include in ps7_cortexa9_0/libsrc/ddrps_v1_0/src"
make -C ps7_cortexa9_0/libsrc/ddrps_v1_0/src -s include  "SHELL=CMD" "COMPILER=arm-none-eabi-gcc" "ARCHIVER=arm-none-eabi-ar" "COMPILER_FLAGS=  -O2 -c" "EXTRA_COMPILER_FLAGS=-mcpu=cortex-a9 -mfpu=vfpv3 -mfloat-abi=hard -nostartfiles -g -Wall -Wextra"
"Running Make include in ps7_cortexa9_0/libsrc/devcfg_v3_5/src"
make -C ps7_cortexa9_0/libsrc/devcfg_v3_5/src -s include  "SHELL=CMD" "COMPILER=arm-none-eabi-gcc" "ARCHIVER=arm-none-eabi-ar" "COMPILER_FLAGS=  -O2 -c" "EXTRA_COMPILER_FLAGS=-mcpu=cortex-a9 -mfpu=vfpv3 -mfloat-abi=hard -nostartfiles -g -Wall -Wextra"
"Running Make include in ps7_cortexa9_0/libsrc/dmaps_v2_4/src"
make -C ps7_cortexa9_0/libsrc/dmaps_v2_4/src -s include  "SHELL=CMD" "COMPILER=arm-none-eabi-gcc" "ARCHIVER=arm-none-eabi-ar" "COMPILER_FLAGS=  -O2 -c" "EXTRA_COMPILER_FLAGS=-mcpu=cortex-a9 -mfpu=vfpv3 -mfloat-abi=hard -nostartfiles -g -Wall -Wextra"
"Running Make include in ps7_cortexa9_0/libsrc/emacps_v3_9/src"
make -C ps7_cortexa9_0/libsrc/emacps_v3_9/src -s include  "SHELL=CMD" "COMPILER=arm-none-eabi-gcc" "ARCHIVER=arm-none-eabi-ar" "COMPILER_FLAGS=  -O2 -c" "EXTRA_COMPILER_FLAGS=-mcpu=cortex-a9 -mfpu=vfpv3 -mfloat-abi=hard -nostartfiles -g -Wall -Wextra"
"Running Make include in ps7_cortexa9_0/libsrc/gpiops_v3_5/src"
make -C ps7_cortexa9_0/libsrc/gpiops_v3_5/src -s include  "SHELL=CMD" "COMPILER=arm-none-eabi-gcc" "ARCHIVER=arm-none-eabi-ar" "COMPILER_FLAGS=  -O2 -c" "EXTRA_COMPILER_FLAGS=-mcpu=cortex-a9 -mfpu=vfpv3 -mfloat-abi=hard -nostartfiles -g -Wall -Wextra"
"Running Make include in ps7_cortexa9_0/libsrc/qspips_v3_6/src"
make -C ps7_cortexa9_0/libsrc/qspips_v3_6/src -s include  "SHELL=CMD" "COMPILER=arm-none-eabi-gcc" "ARCHIVER=arm-none-eabi-ar" "COMPILER_FLAGS=  -O2 -c" "EXTRA_COMPILER_FLAGS=-mcpu=cortex-a9 -mfpu=vfpv3 -mfloat-abi=hard -nostartfiles -g -Wall -Wextra"
"Running Make include in ps7_cortexa9_0/libsrc/scugic_v4_0/src"
make -C ps7_cortexa9_0/libsrc/scugic_v4_0/src -s include  "SHELL=CMD" "COMPILER=arm-none-eabi-gcc" "ARCHIVER=arm-none-eabi-ar" "COMPILER_FLAGS=  -O2 -c" "EXTRA_COMPILER_FLAGS=-mcpu=cortex-a9 -mfpu=vfpv3 -mfloat-abi=hard -nostartfiles -g -Wall -Wextra"
"Running Make include in ps7_cortexa9_0/libsrc/scutimer_v2_1/src"
make -C ps7_cortexa9_0/libsrc/scutimer_v2_1/src -s include  "SHELL=CMD" "COMPILER=arm-none-eabi-gcc" "ARCHIVER=arm-none-eabi-ar" "COMPILER_FLAGS=  -O2 -c" "EXTRA_COMPILER_FLAGS=-mcpu=cortex-a9 -mfpu=vfpv3 -mfloat-abi=hard -nostartfiles -g -Wall -Wextra"
"Running Make include in ps7_cortexa9_0/libsrc/scuwdt_v2_1/src"
make -C ps7_cortexa9_0/libsrc/scuwdt_v2_1/src -s include  "SHELL=CMD" "COMPILER=arm-none-eabi-gcc" "ARCHIVER=arm-none-eabi-ar" "COMPILER_FLAGS=  -O2 -c" "EXTRA_COMPILER_FLAGS=-mcpu=cortex-a9 -mfpu=vfpv3 -mfloat-abi=hard -nostartfiles -g -Wall -Wextra"
"Running Make include in ps7_cortexa9_0/libsrc/sdps_v3_7/src"
make -C ps7_cortexa9_0/libsrc/sdps_v3_7/src -s include  "SHELL=CMD" "COMPILER=arm-none-eabi-gcc" "ARCHIVER=arm-none-eabi-ar" "COMPILER_FLAGS=  -O2 -c" "EXTRA_COMPILER_FLAGS=-mcpu=cortex-a9 -mfpu=vfpv3 -mfloat-abi=hard -nostartfiles -g -Wall -Wextra"
"Running Make include in ps7_cortexa9_0/libsrc/standalone_v7_0/src"
make -C ps7_cortexa9_0/libsrc/standalone_v7_0/src -s include  "SHELL=CMD" "COMPILER=arm-none-eabi-gcc" "ARCHIVER=arm-none-eabi-ar" "COMPILER_FLAGS=  -O2 -c" "EXTRA_COMPILER_FLAGS=-mcpu=cortex-a9 -mfpu=vfpv3 -mfloat-abi=hard -nostartfiles -g -Wall -Wextra"
"Running Make include in ps7_cortexa9_0/libsrc/ttcps_v3_9/src"
make -C ps7_cortexa9_0/libsrc/ttcps_v3_9/src -s include  "SHELL=CMD" "COMPILER=arm-none-eabi-gcc" "ARCHIVER=arm-none-eabi-ar" "COMPILER_FLAGS=  -O2 -c" "EXTRA_COMPILER_FLAGS=-mcpu=cortex-a9 -mfpu=vfpv3 -mfloat-abi=hard -nostartfiles -g -Wall -Wextra"
"Running Make include in ps7_cortexa9_0/libsrc/uartps_v3_7/src"
make -C ps7_cortexa9_0/libsrc/uartps_v3_7/src -s include  "SHELL=CMD" "COMPILER=arm-none-eabi-gcc" "ARCHIVER=arm-none-eabi-ar" "COMPILER_FLAGS=  -O2 -c" "EXTRA_COMPILER_FLAGS=-mcpu=cortex-a9 -mfpu=vfpv3 -mfloat-abi=hard -nostartfiles -g -Wall -Wextra"
"Running Make include in ps7_cortexa9_0/libsrc/usbps_v2_4/src"
make -C ps7_cortexa9_0/libsrc/usbps_v2_4/src -s include  "SHELL=CMD" "COMPILER=arm-none-eabi-gcc" "ARCHIVER=arm-none-eabi-ar" "COMPILER_FLAGS=  -O2 -c" "EXTRA_COMPILER_FLAGS=-mcpu=cortex-a9 -mfpu=vfpv3 -mfloat-abi=hard -nostartfiles -g -Wall -Wextra"
"Running Make include in ps7_cortexa9_0/libsrc/xadcps_v2_3/src"
make -C ps7_cortexa9_0/libsrc/xadcps_v2_3/src -s include  "SHELL=CMD" "COMPILER=arm-none-eabi-gcc" "ARCHIVER=arm-none-eabi-ar" "COMPILER_FLAGS=  -O2 -c" "EXTRA_COMPILER_FLAGS=-mcpu=cortex-a9 -mfpu=vfpv3 -mfloat-abi=hard -nostartfiles -g -Wall -Wextra"
"Running Make libs in ps7_cortexa9_0/libsrc/coresightps_dcc_v1_5/src"
make -C ps7_cortexa9_0/libsrc/coresightps_dcc_v1_5/src -s libs  "SHELL=CMD" "COMPILER=arm-none-eabi-gcc" "ARCHIVER=arm-none-eabi-ar" "COMPILER_FLAGS=  -O2 -c" "EXTRA_COMPILER_FLAGS=-mcpu=cortex-a9 -mfpu=vfpv3 -mfloat-abi=hard -nostartfiles -g -Wall -Wextra"
"Compiling coresightps_dcc"
arm-none-eabi-ar: creating ../../../lib/libxil.a
"Running Make libs in ps7_cortexa9_0/libsrc/cpu_cortexa9_v2_7/src"
make -C ps7_cortexa9_0/libsrc/cpu_cortexa9_v2_7/src -s libs  "SHELL=CMD" "COMPILER=arm-none-eabi-gcc" "ARCHIVER=arm-none-eabi-ar" "COMPILER_FLAGS=  -O2 -c" "EXTRA_COMPILER_FLAGS=-mcpu=cortex-a9 -mfpu=vfpv3 -mfloat-abi=hard -nostartfiles -g -Wall -Wextra"
"Compiling cpu_cortexa9"
"Running Make libs in ps7_cortexa9_0/libsrc/ddrps_v1_0/src"
make -C ps7_cortexa9_0/libsrc/ddrps_v1_0/src -s libs  "SHELL=CMD" "COMPILER=arm-none-eabi-gcc" "ARCHIVER=arm-none-eabi-ar" "COMPILER_FLAGS=  -O2 -c" "EXTRA_COMPILER_FLAGS=-mcpu=cortex-a9 -mfpu=vfpv3 -mfloat-abi=hard -nostartfiles -g -Wall -Wextra"
"Compiling ddrps"
"Running Make libs in ps7_cortexa9_0/libsrc/devcfg_v3_5/src"
make -C ps7_cortexa9_0/libsrc/devcfg_v3_5/src -s libs  "SHELL=CMD" "COMPILER=arm-none-eabi-gcc" "ARCHIVER=arm-none-eabi-ar" "COMPILER_FLAGS=  -O2 -c" "EXTRA_COMPILER_FLAGS=-mcpu=cortex-a9 -mfpu=vfpv3 -mfloat-abi=hard -nostartfiles -g -Wall -Wextra"
"Compiling devcfg"
"Running Make libs in ps7_cortexa9_0/libsrc/dmaps_v2_4/src"
make -C ps7_cortexa9_0/libsrc/dmaps_v2_4/src -s libs  "SHELL=CMD" "COMPILER=arm-none-eabi-gcc" "ARCHIVER=arm-none-eabi-ar" "COMPILER_FLAGS=  -O2 -c" "EXTRA_COMPILER_FLAGS=-mcpu=cortex-a9 -mfpu=vfpv3 -mfloat-abi=hard -nostartfiles -g -Wall -Wextra"
"Compiling dmaps"
"Running Make libs in ps7_cortexa9_0/libsrc/emacps_v3_9/src"
make -C ps7_cortexa9_0/libsrc/emacps_v3_9/src -s libs  "SHELL=CMD" "COMPILER=arm-none-eabi-gcc" "ARCHIVER=arm-none-eabi-ar" "COMPILER_FLAGS=  -O2 -c" "EXTRA_COMPILER_FLAGS=-mcpu=cortex-a9 -mfpu=vfpv3 -mfloat-abi=hard -nostartfiles -g -Wall -Wextra"
"Compiling emacps"
"Running Make libs in ps7_cortexa9_0/libsrc/gpiops_v3_5/src"
make -C ps7_cortexa9_0/libsrc/gpiops_v3_5/src -s libs  "SHELL=CMD" "COMPILER=arm-none-eabi-gcc" "ARCHIVER=arm-none-eabi-ar" "COMPILER_FLAGS=  -O2 -c" "EXTRA_COMPILER_FLAGS=-mcpu=cortex-a9 -mfpu=vfpv3 -mfloat-abi=hard -nostartfiles -g -Wall -Wextra"
"Compiling gpiops"
"Running Make libs in ps7_cortexa9_0/libsrc/qspips_v3_6/src"
make -C ps7_cortexa9_0/libsrc/qspips_v3_6/src -s libs  "SHELL=CMD" "COMPILER=arm-none-eabi-gcc" "ARCHIVER=arm-none-eabi-ar" "COMPILER_FLAGS=  -O2 -c" "EXTRA_COMPILER_FLAGS=-mcpu=cortex-a9 -mfpu=vfpv3 -mfloat-abi=hard -nostartfiles -g -Wall -Wextra"
"Compiling qspips"
"Running Make libs in ps7_cortexa9_0/libsrc/scugic_v4_0/src"
make -C ps7_cortexa9_0/libsrc/scugic_v4_0/src -s libs  "SHELL=CMD" "COMPILER=arm-none-eabi-gcc" "ARCHIVER=arm-none-eabi-ar" "COMPILER_FLAGS=  -O2 -c" "EXTRA_COMPILER_FLAGS=-mcpu=cortex-a9 -mfpu=vfpv3 -mfloat-abi=hard -nostartfiles -g -Wall -Wextra"
"Compiling scugic"
"Running Make libs in ps7_cortexa9_0/libsrc/scutimer_v2_1/src"
make -C ps7_cortexa9_0/libsrc/scutimer_v2_1/src -s libs  "SHELL=CMD" "COMPILER=arm-none-eabi-gcc" "ARCHIVER=arm-none-eabi-ar" "COMPILER_FLAGS=  -O2 -c" "EXTRA_COMPILER_FLAGS=-mcpu=cortex-a9 -mfpu=vfpv3 -mfloat-abi=hard -nostartfiles -g -Wall -Wextra"
"Compiling scutimer"
"Running Make libs in ps7_cortexa9_0/libsrc/scuwdt_v2_1/src"
make -C ps7_cortexa9_0/libsrc/scuwdt_v2_1/src -s libs  "SHELL=CMD" "COMPILER=arm-none-eabi-gcc" "ARCHIVER=arm-none-eabi-ar" "COMPILER_FLAGS=  -O2 -c" "EXTRA_COMPILER_FLAGS=-mcpu=cortex-a9 -mfpu=vfpv3 -mfloat-abi=hard -nostartfiles -g -Wall -Wextra"
"Compiling scuwdt"
"Running Make libs in ps7_cortexa9_0/libsrc/sdps_v3_7/src"
make -C ps7_cortexa9_0/libsrc/sdps_v3_7/src -s libs  "SHELL=CMD" "COMPILER=arm-none-eabi-gcc" "ARCHIVER=arm-none-eabi-ar" "COMPILER_FLAGS=  -O2 -c" "EXTRA_COMPILER_FLAGS=-mcpu=cortex-a9 -mfpu=vfpv3 -mfloat-abi=hard -nostartfiles -g -Wall -Wextra"
"Compiling sdps"
"Running Make libs in ps7_cortexa9_0/libsrc/standalone_v7_0/src"
make -C ps7_cortexa9_0/libsrc/standalone_v7_0/src -s libs  "SHELL=CMD" "COMPILER=arm-none-eabi-gcc" "ARCHIVER=arm-none-eabi-ar" "COMPILER_FLAGS=  -O2 -c" "EXTRA_COMPILER_FLAGS=-mcpu=cortex-a9 -mfpu=vfpv3 -mfloat-abi=hard -nostartfiles -g -Wall -Wextra"
"Compiling standalone"
In file included from usleep.c:56:
xtime_l.h:87:9: note: #pragma message: For the sleep routines, Global timer is being used
 #pragma message ("For the sleep routines, Global timer is being used")
         ^~~~~~~
In file included from xil_sleeptimer.c:51:
xtime_l.h:87:9: note: #pragma message: For the sleep routines, Global timer is being used
 #pragma message ("For the sleep routines, Global timer is being used")
         ^~~~~~~
In file included from xtime_l.c:49:
xtime_l.h:87:9: note: #pragma message: For the sleep routines, Global timer is being used
 #pragma message ("For the sleep routines, Global timer is being used")
         ^~~~~~~
In file included from sleep.c:53:
xtime_l.h:87:9: note: #pragma message: For the sleep routines, Global timer is being used
 #pragma message ("For the sleep routines, Global timer is being used")
         ^~~~~~~
"Running Make libs in ps7_cortexa9_0/libsrc/ttcps_v3_9/src"
make -C ps7_cortexa9_0/libsrc/ttcps_v3_9/src -s libs  "SHELL=CMD" "COMPILER=arm-none-eabi-gcc" "ARCHIVER=arm-none-eabi-ar" "COMPILER_FLAGS=  -O2 -c" "EXTRA_COMPILER_FLAGS=-mcpu=cortex-a9 -mfpu=vfpv3 -mfloat-abi=hard -nostartfiles -g -Wall -Wextra"
"Compiling ttcps"
"Running Make libs in ps7_cortexa9_0/libsrc/uartps_v3_7/src"
make -C ps7_cortexa9_0/libsrc/uartps_v3_7/src -s libs  "SHELL=CMD" "COMPILER=arm-none-eabi-gcc" "ARCHIVER=arm-none-eabi-ar" "COMPILER_FLAGS=  -O2 -c" "EXTRA_COMPILER_FLAGS=-mcpu=cortex-a9 -mfpu=vfpv3 -mfloat-abi=hard -nostartfiles -g -Wall -Wextra"
"Compiling uartps"
"Running Make libs in ps7_cortexa9_0/libsrc/usbps_v2_4/src"
make -C ps7_cortexa9_0/libsrc/usbps_v2_4/src -s libs  "SHELL=CMD" "COMPILER=arm-none-eabi-gcc" "ARCHIVER=arm-none-eabi-ar" "COMPILER_FLAGS=  -O2 -c" "EXTRA_COMPILER_FLAGS=-mcpu=cortex-a9 -mfpu=vfpv3 -mfloat-abi=hard -nostartfiles -g -Wall -Wextra"
"Compiling usbps"
"Running Make libs in ps7_cortexa9_0/libsrc/xadcps_v2_3/src"
make -C ps7_cortexa9_0/libsrc/xadcps_v2_3/src -s libs  "SHELL=CMD" "COMPILER=arm-none-eabi-gcc" "ARCHIVER=arm-none-eabi-ar" "COMPILER_FLAGS=  -O2 -c" "EXTRA_COMPILER_FLAGS=-mcpu=cortex-a9 -mfpu=vfpv3 -mfloat-abi=hard -nostartfiles -g -Wall -Wextra"
"Compiling xadcps"
'Finished building libraries'
08:35:54 **** Build of project PS918106840727_TEST_bsp ****
make -k all 
"Running Make include in ps7_cortexa9_0/libsrc/coresightps_dcc_v1_5/src"
make -C ps7_cortexa9_0/libsrc/coresightps_dcc_v1_5/src -s include  "SHELL=CMD" "COMPILER=arm-none-eabi-gcc" "ARCHIVER=arm-none-eabi-ar" "COMPILER_FLAGS=  -O2 -c" "EXTRA_COMPILER_FLAGS=-mcpu=cortex-a9 -mfpu=vfpv3 -mfloat-abi=hard -nostartfiles -g -Wall -Wextra"
"Running Make include in ps7_cortexa9_0/libsrc/cpu_cortexa9_v2_7/src"
make -C ps7_cortexa9_0/libsrc/cpu_cortexa9_v2_7/src -s include  "SHELL=CMD" "COMPILER=arm-none-eabi-gcc" "ARCHIVER=arm-none-eabi-ar" "COMPILER_FLAGS=  -O2 -c" "EXTRA_COMPILER_FLAGS=-mcpu=cortex-a9 -mfpu=vfpv3 -mfloat-abi=hard -nostartfiles -g -Wall -Wextra"
"Running Make include in ps7_cortexa9_0/libsrc/ddrps_v1_0/src"
make -C ps7_cortexa9_0/libsrc/ddrps_v1_0/src -s include  "SHELL=CMD" "COMPILER=arm-none-eabi-gcc" "ARCHIVER=arm-none-eabi-ar" "COMPILER_FLAGS=  -O2 -c" "EXTRA_COMPILER_FLAGS=-mcpu=cortex-a9 -mfpu=vfpv3 -mfloat-abi=hard -nostartfiles -g -Wall -Wextra"
"Running Make include in ps7_cortexa9_0/libsrc/devcfg_v3_5/src"
make -C ps7_cortexa9_0/libsrc/devcfg_v3_5/src -s include  "SHELL=CMD" "COMPILER=arm-none-eabi-gcc" "ARCHIVER=arm-none-eabi-ar" "COMPILER_FLAGS=  -O2 -c" "EXTRA_COMPILER_FLAGS=-mcpu=cortex-a9 -mfpu=vfpv3 -mfloat-abi=hard -nostartfiles -g -Wall -Wextra"
"Running Make include in ps7_cortexa9_0/libsrc/dmaps_v2_4/src"
make -C ps7_cortexa9_0/libsrc/dmaps_v2_4/src -s include  "SHELL=CMD" "COMPILER=arm-none-eabi-gcc" "ARCHIVER=arm-none-eabi-ar" "COMPILER_FLAGS=  -O2 -c" "EXTRA_COMPILER_FLAGS=-mcpu=cortex-a9 -mfpu=vfpv3 -mfloat-abi=hard -nostartfiles -g -Wall -Wextra"
"Running Make include in ps7_cortexa9_0/libsrc/emacps_v3_9/src"
make -C ps7_cortexa9_0/libsrc/emacps_v3_9/src -s include  "SHELL=CMD" "COMPILER=arm-none-eabi-gcc" "ARCHIVER=arm-none-eabi-ar" "COMPILER_FLAGS=  -O2 -c" "EXTRA_COMPILER_FLAGS=-mcpu=cortex-a9 -mfpu=vfpv3 -mfloat-abi=hard -nostartfiles -g -Wall -Wextra"
"Running Make include in ps7_cortexa9_0/libsrc/gpiops_v3_5/src"
make -C ps7_cortexa9_0/libsrc/gpiops_v3_5/src -s include  "SHELL=CMD" "COMPILER=arm-none-eabi-gcc" "ARCHIVER=arm-none-eabi-ar" "COMPILER_FLAGS=  -O2 -c" "EXTRA_COMPILER_FLAGS=-mcpu=cortex-a9 -mfpu=vfpv3 -mfloat-abi=hard -nostartfiles -g -Wall -Wextra"
"Running Make include in ps7_cortexa9_0/libsrc/qspips_v3_6/src"
make -C ps7_cortexa9_0/libsrc/qspips_v3_6/src -s include  "SHELL=CMD" "COMPILER=arm-none-eabi-gcc" "ARCHIVER=arm-none-eabi-ar" "COMPILER_FLAGS=  -O2 -c" "EXTRA_COMPILER_FLAGS=-mcpu=cortex-a9 -mfpu=vfpv3 -mfloat-abi=hard -nostartfiles -g -Wall -Wextra"
"Running Make include in ps7_cortexa9_0/libsrc/scugic_v4_0/src"
make -C ps7_cortexa9_0/libsrc/scugic_v4_0/src -s include  "SHELL=CMD" "COMPILER=arm-none-eabi-gcc" "ARCHIVER=arm-none-eabi-ar" "COMPILER_FLAGS=  -O2 -c" "EXTRA_COMPILER_FLAGS=-mcpu=cortex-a9 -mfpu=vfpv3 -mfloat-abi=hard -nostartfiles -g -Wall -Wextra"
"Running Make include in ps7_cortexa9_0/libsrc/scutimer_v2_1/src"
make -C ps7_cortexa9_0/libsrc/scutimer_v2_1/src -s include  "SHELL=CMD" "COMPILER=arm-none-eabi-gcc" "ARCHIVER=arm-none-eabi-ar" "COMPILER_FLAGS=  -O2 -c" "EXTRA_COMPILER_FLAGS=-mcpu=cortex-a9 -mfpu=vfpv3 -mfloat-abi=hard -nostartfiles -g -Wall -Wextra"
"Running Make include in ps7_cortexa9_0/libsrc/scuwdt_v2_1/src"
make -C ps7_cortexa9_0/libsrc/scuwdt_v2_1/src -s include  "SHELL=CMD" "COMPILER=arm-none-eabi-gcc" "ARCHIVER=arm-none-eabi-ar" "COMPILER_FLAGS=  -O2 -c" "EXTRA_COMPILER_FLAGS=-mcpu=cortex-a9 -mfpu=vfpv3 -mfloat-abi=hard -nostartfiles -g -Wall -Wextra"
"Running Make include in ps7_cortexa9_0/libsrc/sdps_v3_7/src"
make -C ps7_cortexa9_0/libsrc/sdps_v3_7/src -s include  "SHELL=CMD" "COMPILER=arm-none-eabi-gcc" "ARCHIVER=arm-none-eabi-ar" "COMPILER_FLAGS=  -O2 -c" "EXTRA_COMPILER_FLAGS=-mcpu=cortex-a9 -mfpu=vfpv3 -mfloat-abi=hard -nostartfiles -g -Wall -Wextra"
"Running Make include in ps7_cortexa9_0/libsrc/standalone_v7_0/src"
make -C ps7_cortexa9_0/libsrc/standalone_v7_0/src -s include  "SHELL=CMD" "COMPILER=arm-none-eabi-gcc" "ARCHIVER=arm-none-eabi-ar" "COMPILER_FLAGS=  -O2 -c" "EXTRA_COMPILER_FLAGS=-mcpu=cortex-a9 -mfpu=vfpv3 -mfloat-abi=hard -nostartfiles -g -Wall -Wextra"
"Running Make include in ps7_cortexa9_0/libsrc/ttcps_v3_9/src"
make -C ps7_cortexa9_0/libsrc/ttcps_v3_9/src -s include  "SHELL=CMD" "COMPILER=arm-none-eabi-gcc" "ARCHIVER=arm-none-eabi-ar" "COMPILER_FLAGS=  -O2 -c" "EXTRA_COMPILER_FLAGS=-mcpu=cortex-a9 -mfpu=vfpv3 -mfloat-abi=hard -nostartfiles -g -Wall -Wextra"
"Running Make include in ps7_cortexa9_0/libsrc/uartps_v3_7/src"
make -C ps7_cortexa9_0/libsrc/uartps_v3_7/src -s include  "SHELL=CMD" "COMPILER=arm-none-eabi-gcc" "ARCHIVER=arm-none-eabi-ar" "COMPILER_FLAGS=  -O2 -c" "EXTRA_COMPILER_FLAGS=-mcpu=cortex-a9 -mfpu=vfpv3 -mfloat-abi=hard -nostartfiles -g -Wall -Wextra"
"Running Make include in ps7_cortexa9_0/libsrc/usbps_v2_4/src"
make -C ps7_cortexa9_0/libsrc/usbps_v2_4/src -s include  "SHELL=CMD" "COMPILER=arm-none-eabi-gcc" "ARCHIVER=arm-none-eabi-ar" "COMPILER_FLAGS=  -O2 -c" "EXTRA_COMPILER_FLAGS=-mcpu=cortex-a9 -mfpu=vfpv3 -mfloat-abi=hard -nostartfiles -g -Wall -Wextra"
"Running Make include in ps7_cortexa9_0/libsrc/xadcps_v2_3/src"
make -C ps7_cortexa9_0/libsrc/xadcps_v2_3/src -s include  "SHELL=CMD" "COMPILER=arm-none-eabi-gcc" "ARCHIVER=arm-none-eabi-ar" "COMPILER_FLAGS=  -O2 -c" "EXTRA_COMPILER_FLAGS=-mcpu=cortex-a9 -mfpu=vfpv3 -mfloat-abi=hard -nostartfiles -g -Wall -Wextra"
"Running Make libs in ps7_cortexa9_0/libsrc/coresightps_dcc_v1_5/src"
make -C ps7_cortexa9_0/libsrc/coresightps_dcc_v1_5/src -s libs  "SHELL=CMD" "COMPILER=arm-none-eabi-gcc" "ARCHIVER=arm-none-eabi-ar" "COMPILER_FLAGS=  -O2 -c" "EXTRA_COMPILER_FLAGS=-mcpu=cortex-a9 -mfpu=vfpv3 -mfloat-abi=hard -nostartfiles -g -Wall -Wextra"
"Compiling coresightps_dcc"
arm-none-eabi-ar: creating ../../../lib/libxil.a
"Running Make libs in ps7_cortexa9_0/libsrc/cpu_cortexa9_v2_7/src"
make -C ps7_cortexa9_0/libsrc/cpu_cortexa9_v2_7/src -s libs  "SHELL=CMD" "COMPILER=arm-none-eabi-gcc" "ARCHIVER=arm-none-eabi-ar" "COMPILER_FLAGS=  -O2 -c" "EXTRA_COMPILER_FLAGS=-mcpu=cortex-a9 -mfpu=vfpv3 -mfloat-abi=hard -nostartfiles -g -Wall -Wextra"
"Compiling cpu_cortexa9"
"Running Make libs in ps7_cortexa9_0/libsrc/ddrps_v1_0/src"
make -C ps7_cortexa9_0/libsrc/ddrps_v1_0/src -s libs  "SHELL=CMD" "COMPILER=arm-none-eabi-gcc" "ARCHIVER=arm-none-eabi-ar" "COMPILER_FLAGS=  -O2 -c" "EXTRA_COMPILER_FLAGS=-mcpu=cortex-a9 -mfpu=vfpv3 -mfloat-abi=hard -nostartfiles -g -Wall -Wextra"
"Compiling ddrps"
"Running Make libs in ps7_cortexa9_0/libsrc/devcfg_v3_5/src"
make -C ps7_cortexa9_0/libsrc/devcfg_v3_5/src -s libs  "SHELL=CMD" "COMPILER=arm-none-eabi-gcc" "ARCHIVER=arm-none-eabi-ar" "COMPILER_FLAGS=  -O2 -c" "EXTRA_COMPILER_FLAGS=-mcpu=cortex-a9 -mfpu=vfpv3 -mfloat-abi=hard -nostartfiles -g -Wall -Wextra"
"Compiling devcfg"
"Running Make libs in ps7_cortexa9_0/libsrc/dmaps_v2_4/src"
make -C ps7_cortexa9_0/libsrc/dmaps_v2_4/src -s libs  "SHELL=CMD" "COMPILER=arm-none-eabi-gcc" "ARCHIVER=arm-none-eabi-ar" "COMPILER_FLAGS=  -O2 -c" "EXTRA_COMPILER_FLAGS=-mcpu=cortex-a9 -mfpu=vfpv3 -mfloat-abi=hard -nostartfiles -g -Wall -Wextra"
"Compiling dmaps"
"Running Make libs in ps7_cortexa9_0/libsrc/emacps_v3_9/src"
make -C ps7_cortexa9_0/libsrc/emacps_v3_9/src -s libs  "SHELL=CMD" "COMPILER=arm-none-eabi-gcc" "ARCHIVER=arm-none-eabi-ar" "COMPILER_FLAGS=  -O2 -c" "EXTRA_COMPILER_FLAGS=-mcpu=cortex-a9 -mfpu=vfpv3 -mfloat-abi=hard -nostartfiles -g -Wall -Wextra"
"Compiling emacps"
"Running Make libs in ps7_cortexa9_0/libsrc/gpiops_v3_5/src"
make -C ps7_cortexa9_0/libsrc/gpiops_v3_5/src -s libs  "SHELL=CMD" "COMPILER=arm-none-eabi-gcc" "ARCHIVER=arm-none-eabi-ar" "COMPILER_FLAGS=  -O2 -c" "EXTRA_COMPILER_FLAGS=-mcpu=cortex-a9 -mfpu=vfpv3 -mfloat-abi=hard -nostartfiles -g -Wall -Wextra"
"Compiling gpiops"
"Running Make libs in ps7_cortexa9_0/libsrc/qspips_v3_6/src"
make -C ps7_cortexa9_0/libsrc/qspips_v3_6/src -s libs  "SHELL=CMD" "COMPILER=arm-none-eabi-gcc" "ARCHIVER=arm-none-eabi-ar" "COMPILER_FLAGS=  -O2 -c" "EXTRA_COMPILER_FLAGS=-mcpu=cortex-a9 -mfpu=vfpv3 -mfloat-abi=hard -nostartfiles -g -Wall -Wextra"
"Compiling qspips"
"Running Make libs in ps7_cortexa9_0/libsrc/scugic_v4_0/src"
make -C ps7_cortexa9_0/libsrc/scugic_v4_0/src -s libs  "SHELL=CMD" "COMPILER=arm-none-eabi-gcc" "ARCHIVER=arm-none-eabi-ar" "COMPILER_FLAGS=  -O2 -c" "EXTRA_COMPILER_FLAGS=-mcpu=cortex-a9 -mfpu=vfpv3 -mfloat-abi=hard -nostartfiles -g -Wall -Wextra"
"Compiling scugic"
"Running Make libs in ps7_cortexa9_0/libsrc/scutimer_v2_1/src"
make -C ps7_cortexa9_0/libsrc/scutimer_v2_1/src -s libs  "SHELL=CMD" "COMPILER=arm-none-eabi-gcc" "ARCHIVER=arm-none-eabi-ar" "COMPILER_FLAGS=  -O2 -c" "EXTRA_COMPILER_FLAGS=-mcpu=cortex-a9 -mfpu=vfpv3 -mfloat-abi=hard -nostartfiles -g -Wall -Wextra"
"Compiling scutimer"
"Running Make libs in ps7_cortexa9_0/libsrc/scuwdt_v2_1/src"
make -C ps7_cortexa9_0/libsrc/scuwdt_v2_1/src -s libs  "SHELL=CMD" "COMPILER=arm-none-eabi-gcc" "ARCHIVER=arm-none-eabi-ar" "COMPILER_FLAGS=  -O2 -c" "EXTRA_COMPILER_FLAGS=-mcpu=cortex-a9 -mfpu=vfpv3 -mfloat-abi=hard -nostartfiles -g -Wall -Wextra"
"Compiling scuwdt"
"Running Make libs in ps7_cortexa9_0/libsrc/sdps_v3_7/src"
make -C ps7_cortexa9_0/libsrc/sdps_v3_7/src -s libs  "SHELL=CMD" "COMPILER=arm-none-eabi-gcc" "ARCHIVER=arm-none-eabi-ar" "COMPILER_FLAGS=  -O2 -c" "EXTRA_COMPILER_FLAGS=-mcpu=cortex-a9 -mfpu=vfpv3 -mfloat-abi=hard -nostartfiles -g -Wall -Wextra"
"Compiling sdps"
"Running Make libs in ps7_cortexa9_0/libsrc/standalone_v7_0/src"
make -C ps7_cortexa9_0/libsrc/standalone_v7_0/src -s libs  "SHELL=CMD" "COMPILER=arm-none-eabi-gcc" "ARCHIVER=arm-none-eabi-ar" "COMPILER_FLAGS=  -O2 -c" "EXTRA_COMPILER_FLAGS=-mcpu=cortex-a9 -mfpu=vfpv3 -mfloat-abi=hard -nostartfiles -g -Wall -Wextra"
"Compiling standalone"
In file included from usleep.c:56:
xtime_l.h:87:9: note: #pragma message: For the sleep routines, Global timer is being used
 #pragma message ("For the sleep routines, Global timer is being used")
         ^~~~~~~
In file included from xil_sleeptimer.c:51:
xtime_l.h:87:9: note: #pragma message: For the sleep routines, Global timer is being used
 #pragma message ("For the sleep routines, Global timer is being used")
         ^~~~~~~
In file included from xtime_l.c:49:
xtime_l.h:87:9: note: #pragma message: For the sleep routines, Global timer is being used
 #pragma message ("For the sleep routines, Global timer is being used")
         ^~~~~~~
In file included from sleep.c:53:
xtime_l.h:87:9: note: #pragma message: For the sleep routines, Global timer is being used
 #pragma message ("For the sleep routines, Global timer is being used")
         ^~~~~~~
"Running Make libs in ps7_cortexa9_0/libsrc/ttcps_v3_9/src"
make -C ps7_cortexa9_0/libsrc/ttcps_v3_9/src -s libs  "SHELL=CMD" "COMPILER=arm-none-eabi-gcc" "ARCHIVER=arm-none-eabi-ar" "COMPILER_FLAGS=  -O2 -c" "EXTRA_COMPILER_FLAGS=-mcpu=cortex-a9 -mfpu=vfpv3 -mfloat-abi=hard -nostartfiles -g -Wall -Wextra"
"Compiling ttcps"
"Running Make libs in ps7_cortexa9_0/libsrc/uartps_v3_7/src"
make -C ps7_cortexa9_0/libsrc/uartps_v3_7/src -s libs  "SHELL=CMD" "COMPILER=arm-none-eabi-gcc" "ARCHIVER=arm-none-eabi-ar" "COMPILER_FLAGS=  -O2 -c" "EXTRA_COMPILER_FLAGS=-mcpu=cortex-a9 -mfpu=vfpv3 -mfloat-abi=hard -nostartfiles -g -Wall -Wextra"
"Compiling uartps"
"Running Make libs in ps7_cortexa9_0/libsrc/usbps_v2_4/src"
make -C ps7_cortexa9_0/libsrc/usbps_v2_4/src -s libs  "SHELL=CMD" "COMPILER=arm-none-eabi-gcc" "ARCHIVER=arm-none-eabi-ar" "COMPILER_FLAGS=  -O2 -c" "EXTRA_COMPILER_FLAGS=-mcpu=cortex-a9 -mfpu=vfpv3 -mfloat-abi=hard -nostartfiles -g -Wall -Wextra"
"Compiling usbps"
"Running Make libs in ps7_cortexa9_0/libsrc/xadcps_v2_3/src"
make -C ps7_cortexa9_0/libsrc/xadcps_v2_3/src -s libs  "SHELL=CMD" "COMPILER=arm-none-eabi-gcc" "ARCHIVER=arm-none-eabi-ar" "COMPILER_FLAGS=  -O2 -c" "EXTRA_COMPILER_FLAGS=-mcpu=cortex-a9 -mfpu=vfpv3 -mfloat-abi=hard -nostartfiles -g -Wall -Wextra"
"Compiling xadcps"
'Finished building libraries'
08:36:16 **** Build of configuration Debug for project PS918106840727_TEST ****
make pre-build main-build 
a9-linaro-pre-build-step
' '
'Building file: ../src/helloworld.c'
'Invoking: ARM v7 gcc compiler'
arm-none-eabi-gcc -Wall -O0 -g3 -c -fmessage-length=0 -MT"src/helloworld.o" -mcpu=cortex-a9 -mfpu=vfpv3 -mfloat-abi=hard -I../../PS918106840727_TEST_bsp/ps7_cortexa9_0/include -MMD -MP -MF"src/helloworld.d" -MT"src/helloworld.o" -o "src/helloworld.o" "../src/helloworld.c"
'Finished building: ../src/helloworld.c'
' '
'Building file: ../src/platform.c'
'Invoking: ARM v7 gcc compiler'
arm-none-eabi-gcc -Wall -O0 -g3 -c -fmessage-length=0 -MT"src/platform.o" -mcpu=cortex-a9 -mfpu=vfpv3 -mfloat-abi=hard -I../../PS918106840727_TEST_bsp/ps7_cortexa9_0/include -MMD -MP -MF"src/platform.d" -MT"src/platform.o" -o "src/platform.o" "../src/platform.c"
'Finished building: ../src/platform.c'
' '
'Building target: PS918106840727_TEST.elf'
'Invoking: ARM v7 gcc linker'
arm-none-eabi-gcc -mcpu=cortex-a9 -mfpu=vfpv3 -mfloat-abi=hard -Wl,-build-id=none -specs=Xilinx.spec -Wl,-T -Wl,../src/lscript.ld -L../../PS918106840727_TEST_bsp/ps7_cortexa9_0/lib -o "PS918106840727_TEST.elf"  ./src/helloworld.o ./src/platform.o   -Wl,--start-group,-lxil,-lgcc,-lc,--end-group
'Finished building target: PS918106840727_TEST.elf'
' '
'Invoking: ARM v7 Print Size'
arm-none-eabi-size PS918106840727_TEST.elf  |tee "PS918106840727_TEST.elf.size"
   text	   data	    bss	    dec	    hex	filename
  19064	   1144	  22568	  42776	   a718	PS918106840727_TEST.elf
'Finished building: PS918106840727_TEST.elf.size'
' '
08:48:33 **** Incremental Build of configuration Debug for project PS918106840727_TEST ****
make pre-build main-build 
a9-linaro-pre-build-step
' '
make: Nothing to be done for 'main-build'.
08:48:50 **** Auto Build of configuration Debug for project PS918106840727_TEST ****
make pre-build main-build 
a9-linaro-pre-build-step
' '
'Building file: ../src/helloworld.c'
'Invoking: ARM v7 gcc compiler'
arm-none-eabi-gcc -Wall -O0 -g3 -c -fmessage-length=0 -MT"src/helloworld.o" -mcpu=cortex-a9 -mfpu=vfpv3 -mfloat-abi=hard -I../../PS918106840727_TEST_bsp/ps7_cortexa9_0/include -MMD -MP -MF"src/helloworld.d" -MT"src/helloworld.o" -o "src/helloworld.o" "../src/helloworld.c"
../src/helloworld.c: In function 'main':
../src/helloworld.c:13:21: error: 'vola' undeclared (first use in this function); did you mean 'void'?
 #define DIRM_2   (*(vola  tile unsigned int *)0xE000A284)
                     ^~~~
../src/helloworld.c:206:2: note: in expansion of macro 'DIRM_2'
  DIRM_2 = DIRM_2 & 0xFFFFFFE0;
  ^~~~~~
../src/helloworld.c:13:21: note: each undeclared identifier is reported only once for each function it appears in
 #define DIRM_2   (*(vola  tile unsigned int *)0xE000A284)
                     ^~~~
../src/helloworld.c:206:2: note: in expansion of macro 'DIRM_2'
  DIRM_2 = DIRM_2 & 0xFFFFFFE0;
  ^~~~~~
../src/helloworld.c:13:27: error: expected ')' before 'tile'
 #define DIRM_2   (*(vola  tile unsigned int *)0xE000A284)
                    ~      ^~~~
../src/helloworld.c:206:2: note: in expansion of macro 'DIRM_2'
  DIRM_2 = DIRM_2 & 0xFFFFFFE0;
  ^~~~~~
../src/helloworld.c:13:47: error: expected ')' before numeric constant
 #define DIRM_2   (*(vola  tile unsigned int *)0xE000A284)
                  ~                            ^~~~~~~~~~
../src/helloworld.c:206:2: note: in expansion of macro 'DIRM_2'
  DIRM_2 = DIRM_2 & 0xFFFFFFE0;
  ^~~~~~
../src/helloworld.c:13:27: error: expected ')' before 'tile'
 #define DIRM_2   (*(vola  tile unsigned int *)0xE000A284)
                    ~      ^~~~
../src/helloworld.c:206:11: note: in expansion of macro 'DIRM_2'
  DIRM_2 = DIRM_2 & 0xFFFFFFE0;
           ^~~~~~
../src/helloworld.c:13:47: error: expected ')' before numeric constant
 #define DIRM_2   (*(vola  tile unsigned int *)0xE000A284)
                  ~                            ^~~~~~~~~~
../src/helloworld.c:206:11: note: in expansion of macro 'DIRM_2'
  DIRM_2 = DIRM_2 & 0xFFFFFFE0;
           ^~~~~~
../src/helloworld.c:13:27: error: expected ')' before 'tile'
 #define DIRM_2   (*(vola  tile unsigned int *)0xE000A284)
                    ~      ^~~~
../src/helloworld.c:208:2: note: in expansion of macro 'DIRM_2'
  DIRM_2 = DIRM_2 & 0xFFFFE01F;
  ^~~~~~
../src/helloworld.c:13:47: error: expected ')' before numeric constant
 #define DIRM_2   (*(vola  tile unsigned int *)0xE000A284)
                  ~                            ^~~~~~~~~~
../src/helloworld.c:208:2: note: in expansion of macro 'DIRM_2'
  DIRM_2 = DIRM_2 & 0xFFFFE01F;
  ^~~~~~
../src/helloworld.c:13:27: error: expected ')' before 'tile'
 #define DIRM_2   (*(vola  tile unsigned int *)0xE000A284)
                    ~      ^~~~
../src/helloworld.c:208:11: note: in expansion of macro 'DIRM_2'
  DIRM_2 = DIRM_2 & 0xFFFFE01F;
           ^~~~~~
../src/helloworld.c:13:47: error: expected ')' before numeric constant
 #define DIRM_2   (*(vola  tile unsigned int *)0xE000A284)
                  ~                            ^~~~~~~~~~
../src/helloworld.c:208:11: note: in expansion of macro 'DIRM_2'
  DIRM_2 = DIRM_2 & 0xFFFFE01F;
           ^~~~~~
../src/helloworld.c:13:27: error: expected ')' before 'tile'
 #define DIRM_2   (*(vola  tile unsigned int *)0xE000A284)
                    ~      ^~~~
../src/helloworld.c:210:2: note: in expansion of macro 'DIRM_2'
  DIRM_2 = DIRM_2|0x001FE000;
  ^~~~~~
../src/helloworld.c:13:47: error: expected ')' before numeric constant
 #define DIRM_2   (*(vola  tile unsigned int *)0xE000A284)
                  ~                            ^~~~~~~~~~
../src/helloworld.c:210:2: note: in expansion of macro 'DIRM_2'
  DIRM_2 = DIRM_2|0x001FE000;
  ^~~~~~
../src/helloworld.c:13:27: error: expected ')' before 'tile'
 #define DIRM_2   (*(vola  tile unsigned int *)0xE000A284)
                    ~      ^~~~
../src/helloworld.c:210:11: note: in expansion of macro 'DIRM_2'
  DIRM_2 = DIRM_2|0x001FE000;
           ^~~~~~
../src/helloworld.c:13:47: error: expected ')' before numeric constant
 #define DIRM_2   (*(vola  tile unsigned int *)0xE000A284)
                  ~                            ^~~~~~~~~~
../src/helloworld.c:210:11: note: in expansion of macro 'DIRM_2'
  DIRM_2 = DIRM_2|0x001FE000;
           ^~~~~~
make: *** [src/subdir.mk:26: src/helloworld.o] Error 1
08:49:46 **** Auto Build of configuration Debug for project PS918106840727_TEST ****
make pre-build main-build 
a9-linaro-pre-build-step
' '
'Building file: ../src/helloworld.c'
'Invoking: ARM v7 gcc compiler'
arm-none-eabi-gcc -Wall -O0 -g3 -c -fmessage-length=0 -MT"src/helloworld.o" -mcpu=cortex-a9 -mfpu=vfpv3 -mfloat-abi=hard -I../../PS918106840727_TEST_bsp/ps7_cortexa9_0/include -MMD -MP -MF"src/helloworld.d" -MT"src/helloworld.o" -o "src/helloworld.o" "../src/helloworld.c"
'Finished building: ../src/helloworld.c'
' '
'Building target: PS918106840727_TEST.elf'
'Invoking: ARM v7 gcc linker'
arm-none-eabi-gcc -mcpu=cortex-a9 -mfpu=vfpv3 -mfloat-abi=hard -Wl,-build-id=none -specs=Xilinx.spec -Wl,-T -Wl,../src/lscript.ld -L../../PS918106840727_TEST_bsp/ps7_cortexa9_0/lib -o "PS918106840727_TEST.elf"  ./src/helloworld.o ./src/platform.o   -Wl,--start-group,-lxil,-lgcc,-lc,--end-group
'Finished building target: PS918106840727_TEST.elf'
' '
'Invoking: ARM v7 Print Size'
arm-none-eabi-size PS918106840727_TEST.elf  |tee "PS918106840727_TEST.elf.size"
   text	   data	    bss	    dec	    hex	filename
  23372	   1144	  22616	  47132	   b81c	PS918106840727_TEST.elf
'Finished building: PS918106840727_TEST.elf.size'
' '
08:49:53 **** Incremental Build of configuration Debug for project PS918106840727_TEST ****
make pre-build main-build 
a9-linaro-pre-build-step
' '
make: Nothing to be done for 'main-build'.
08:50:44 **** Incremental Build of configuration Debug for project PS918106840727_TEST ****
make pre-build main-build 
a9-linaro-pre-build-step
' '
make: Nothing to be done for 'main-build'.
08:51:52 **** Incremental Build of configuration Debug for project PS918106840727_TEST ****
make pre-build main-build 
a9-linaro-pre-build-step
' '
make: Nothing to be done for 'main-build'.
08:52:50 **** Incremental Build of configuration Debug for project PS918106840727_TEST ****
make pre-build main-build 
a9-linaro-pre-build-step
' '
make: Nothing to be done for 'main-build'.
08:53:38 **** Incremental Build of configuration Debug for project PS918106840727_TEST ****
make pre-build main-build 
a9-linaro-pre-build-step
' '
make: Nothing to be done for 'main-build'.
09:31:42 **** Auto Build of configuration Debug for project PS918106840727_TEST ****
make pre-build main-build 
a9-linaro-pre-build-step
' '
'Building file: ../src/helloworld.c'
'Invoking: ARM v7 gcc compiler'
arm-none-eabi-gcc -Wall -O0 -g3 -c -fmessage-length=0 -MT"src/helloworld.o" -mcpu=cortex-a9 -mfpu=vfpv3 -mfloat-abi=hard -I../../PS918106840727_TEST_bsp/ps7_cortexa9_0/include -MMD -MP -MF"src/helloworld.d" -MT"src/helloworld.o" -o "src/helloworld.o" "../src/helloworld.c"
../src/helloworld.c: In function 'main':
../src/helloworld.c:13:21: error: 'vola' undeclared (first use in this function); did you mean 'void'?
 #define DIRM_2   (*(vola  tile unsigned int *)0xE000A284)
                     ^~~~
../src/helloworld.c:245:2: note: in expansion of macro 'DIRM_2'
  DIRM_2 = DIRM_2 & 0xFFFFFFE0;
  ^~~~~~
../src/helloworld.c:13:21: note: each undeclared identifier is reported only once for each function it appears in
 #define DIRM_2   (*(vola  tile unsigned int *)0xE000A284)
                     ^~~~
../src/helloworld.c:245:2: note: in expansion of macro 'DIRM_2'
  DIRM_2 = DIRM_2 & 0xFFFFFFE0;
  ^~~~~~
../src/helloworld.c:13:27: error: expected ')' before 'tile'
 #define DIRM_2   (*(vola  tile unsigned int *)0xE000A284)
                    ~      ^~~~
../src/helloworld.c:245:2: note: in expansion of macro 'DIRM_2'
  DIRM_2 = DIRM_2 & 0xFFFFFFE0;
  ^~~~~~
../src/helloworld.c:13:47: error: expected ')' before numeric constant
 #define DIRM_2   (*(vola  tile unsigned int *)0xE000A284)
                  ~                            ^~~~~~~~~~
../src/helloworld.c:245:2: note: in expansion of macro 'DIRM_2'
  DIRM_2 = DIRM_2 & 0xFFFFFFE0;
  ^~~~~~
../src/helloworld.c:13:27: error: expected ')' before 'tile'
 #define DIRM_2   (*(vola  tile unsigned int *)0xE000A284)
                    ~      ^~~~
../src/helloworld.c:245:11: note: in expansion of macro 'DIRM_2'
  DIRM_2 = DIRM_2 & 0xFFFFFFE0;
           ^~~~~~
../src/helloworld.c:13:47: error: expected ')' before numeric constant
 #define DIRM_2   (*(vola  tile unsigned int *)0xE000A284)
                  ~                            ^~~~~~~~~~
../src/helloworld.c:245:11: note: in expansion of macro 'DIRM_2'
  DIRM_2 = DIRM_2 & 0xFFFFFFE0;
           ^~~~~~
../src/helloworld.c:13:27: error: expected ')' before 'tile'
 #define DIRM_2   (*(vola  tile unsigned int *)0xE000A284)
                    ~      ^~~~
../src/helloworld.c:247:2: note: in expansion of macro 'DIRM_2'
  DIRM_2 = DIRM_2 & 0xFFFFE01F;
  ^~~~~~
../src/helloworld.c:13:47: error: expected ')' before numeric constant
 #define DIRM_2   (*(vola  tile unsigned int *)0xE000A284)
                  ~                            ^~~~~~~~~~
../src/helloworld.c:247:2: note: in expansion of macro 'DIRM_2'
  DIRM_2 = DIRM_2 & 0xFFFFE01F;
  ^~~~~~
../src/helloworld.c:13:27: error: expected ')' before 'tile'
 #define DIRM_2   (*(vola  tile unsigned int *)0xE000A284)
                    ~      ^~~~
../src/helloworld.c:247:11: note: in expansion of macro 'DIRM_2'
  DIRM_2 = DIRM_2 & 0xFFFFE01F;
           ^~~~~~
../src/helloworld.c:13:47: error: expected ')' before numeric constant
 #define DIRM_2   (*(vola  tile unsigned int *)0xE000A284)
                  ~                            ^~~~~~~~~~
../src/helloworld.c:247:11: note: in expansion of macro 'DIRM_2'
  DIRM_2 = DIRM_2 & 0xFFFFE01F;
           ^~~~~~
../src/helloworld.c:13:27: error: expected ')' before 'tile'
 #define DIRM_2   (*(vola  tile unsigned int *)0xE000A284)
                    ~      ^~~~
../src/helloworld.c:249:2: note: in expansion of macro 'DIRM_2'
  DIRM_2 = DIRM_2|0x001FE000;
  ^~~~~~
../src/helloworld.c:13:47: error: expected ')' before numeric constant
 #define DIRM_2   (*(vola  tile unsigned int *)0xE000A284)
                  ~                            ^~~~~~~~~~
../src/helloworld.c:249:2: note: in expansion of macro 'DIRM_2'
  DIRM_2 = DIRM_2|0x001FE000;
  ^~~~~~
../src/helloworld.c:13:27: error: expected ')' before 'tile'
 #define DIRM_2   (*(vola  tile unsigned int *)0xE000A284)
                    ~      ^~~~
../src/helloworld.c:249:11: note: in expansion of macro 'DIRM_2'
  DIRM_2 = DIRM_2|0x001FE000;
           ^~~~~~
../src/helloworld.c:13:47: error: expected ')' before numeric constant
 #define DIRM_2   (*(vola  tile unsigned int *)0xE000A284)
                  ~                            ^~~~~~~~~~
../src/helloworld.c:249:11: note: in expansion of macro 'DIRM_2'
  DIRM_2 = DIRM_2|0x001FE000;
           ^~~~~~
make: *** [src/subdir.mk:26: src/helloworld.o] Error 1
09:38:49 **** Auto Build of configuration Debug for project PS918106840727_TEST ****
make pre-build main-build 
a9-linaro-pre-build-step
' '
'Building file: ../src/helloworld.c'
'Invoking: ARM v7 gcc compiler'
arm-none-eabi-gcc -Wall -O0 -g3 -c -fmessage-length=0 -MT"src/helloworld.o" -mcpu=cortex-a9 -mfpu=vfpv3 -mfloat-abi=hard -I../../PS918106840727_TEST_bsp/ps7_cortexa9_0/include -MMD -MP -MF"src/helloworld.d" -MT"src/helloworld.o" -o "src/helloworld.o" "../src/helloworld.c"
../src/helloworld.c: In function 'rec_Char':
../src/helloworld.c:83:32: warning: bitwise comparison always evaluates to false [-Wtautological-compare]
  while((rChannel_sts_reg0&0x20)==0x2);
                                ^~
../src/helloworld.c: In function 'main':
../src/helloworld.c:13:21: error: 'vola' undeclared (first use in this function); did you mean 'void'?
 #define DIRM_2   (*(vola  tile unsigned int *)0xE000A284)
                     ^~~~
../src/helloworld.c:255:2: note: in expansion of macro 'DIRM_2'
  DIRM_2 = DIRM_2 & 0xFFFFFFE0;
  ^~~~~~
../src/helloworld.c:13:21: note: each undeclared identifier is reported only once for each function it appears in
 #define DIRM_2   (*(vola  tile unsigned int *)0xE000A284)
                     ^~~~
../src/helloworld.c:255:2: note: in expansion of macro 'DIRM_2'
  DIRM_2 = DIRM_2 & 0xFFFFFFE0;
  ^~~~~~
../src/helloworld.c:13:27: error: expected ')' before 'tile'
 #define DIRM_2   (*(vola  tile unsigned int *)0xE000A284)
                    ~      ^~~~
../src/helloworld.c:255:2: note: in expansion of macro 'DIRM_2'
  DIRM_2 = DIRM_2 & 0xFFFFFFE0;
  ^~~~~~
../src/helloworld.c:13:47: error: expected ')' before numeric constant
 #define DIRM_2   (*(vola  tile unsigned int *)0xE000A284)
                  ~                            ^~~~~~~~~~
../src/helloworld.c:255:2: note: in expansion of macro 'DIRM_2'
  DIRM_2 = DIRM_2 & 0xFFFFFFE0;
  ^~~~~~
../src/helloworld.c:13:27: error: expected ')' before 'tile'
 #define DIRM_2   (*(vola  tile unsigned int *)0xE000A284)
                    ~      ^~~~
../src/helloworld.c:255:11: note: in expansion of macro 'DIRM_2'
  DIRM_2 = DIRM_2 & 0xFFFFFFE0;
           ^~~~~~
../src/helloworld.c:13:47: error: expected ')' before numeric constant
 #define DIRM_2   (*(vola  tile unsigned int *)0xE000A284)
                  ~                            ^~~~~~~~~~
../src/helloworld.c:255:11: note: in expansion of macro 'DIRM_2'
  DIRM_2 = DIRM_2 & 0xFFFFFFE0;
           ^~~~~~
../src/helloworld.c:13:27: error: expected ')' before 'tile'
 #define DIRM_2   (*(vola  tile unsigned int *)0xE000A284)
                    ~      ^~~~
../src/helloworld.c:257:2: note: in expansion of macro 'DIRM_2'
  DIRM_2 = DIRM_2 & 0xFFFFE01F;
  ^~~~~~
../src/helloworld.c:13:47: error: expected ')' before numeric constant
 #define DIRM_2   (*(vola  tile unsigned int *)0xE000A284)
                  ~                            ^~~~~~~~~~
../src/helloworld.c:257:2: note: in expansion of macro 'DIRM_2'
  DIRM_2 = DIRM_2 & 0xFFFFE01F;
  ^~~~~~
../src/helloworld.c:13:27: error: expected ')' before 'tile'
 #define DIRM_2   (*(vola  tile unsigned int *)0xE000A284)
                    ~      ^~~~
../src/helloworld.c:257:11: note: in expansion of macro 'DIRM_2'
  DIRM_2 = DIRM_2 & 0xFFFFE01F;
           ^~~~~~
../src/helloworld.c:13:47: error: expected ')' before numeric constant
 #define DIRM_2   (*(vola  tile unsigned int *)0xE000A284)
                  ~                            ^~~~~~~~~~
../src/helloworld.c:257:11: note: in expansion of macro 'DIRM_2'
  DIRM_2 = DIRM_2 & 0xFFFFE01F;
           ^~~~~~
../src/helloworld.c:13:27: error: expected ')' before 'tile'
 #define DIRM_2   (*(vola  tile unsigned int *)0xE000A284)
                    ~      ^~~~
../src/helloworld.c:259:2: note: in expansion of macro 'DIRM_2'
  DIRM_2 = DIRM_2|0x001FE000;
  ^~~~~~
../src/helloworld.c:13:47: error: expected ')' before numeric constant
 #define DIRM_2   (*(vola  tile unsigned int *)0xE000A284)
                  ~                            ^~~~~~~~~~
../src/helloworld.c:259:2: note: in expansion of macro 'DIRM_2'
  DIRM_2 = DIRM_2|0x001FE000;
  ^~~~~~
../src/helloworld.c:13:27: error: expected ')' before 'tile'
 #define DIRM_2   (*(vola  tile unsigned int *)0xE000A284)
                    ~      ^~~~
../src/helloworld.c:259:11: note: in expansion of macro 'DIRM_2'
  DIRM_2 = DIRM_2|0x001FE000;
           ^~~~~~
../src/helloworld.c:13:47: error: expected ')' before numeric constant
 #define DIRM_2   (*(vola  tile unsigned int *)0xE000A284)
                  ~                            ^~~~~~~~~~
../src/helloworld.c:259:11: note: in expansion of macro 'DIRM_2'
  DIRM_2 = DIRM_2|0x001FE000;
           ^~~~~~
make: *** [src/subdir.mk:26: src/helloworld.o] Error 1
09:49:08 **** Auto Build of configuration Debug for project PS918106840727_TEST ****
make pre-build main-build 
a9-linaro-pre-build-step
' '
'Building file: ../src/helloworld.c'
'Invoking: ARM v7 gcc compiler'
arm-none-eabi-gcc -Wall -O0 -g3 -c -fmessage-length=0 -MT"src/helloworld.o" -mcpu=cortex-a9 -mfpu=vfpv3 -mfloat-abi=hard -I../../PS918106840727_TEST_bsp/ps7_cortexa9_0/include -MMD -MP -MF"src/helloworld.d" -MT"src/helloworld.o" -o "src/helloworld.o" "../src/helloworld.c"
../src/helloworld.c: In function 'rec_Char':
../src/helloworld.c:83:32: warning: bitwise comparison always evaluates to false [-Wtautological-compare]
  while((rChannel_sts_reg0&0x20)==0x2);
                                ^~
../src/helloworld.c:85:8: warning: passing argument 1 of 'print' makes pointer from integer without a cast [-Wint-conversion]
  print(data);
        ^~~~
In file included from ../src/helloworld.c:3:
../../PS918106840727_TEST_bsp/ps7_cortexa9_0/include/xil_printf.h:40:26: note: expected 'const char8 *' {aka 'const char *'} but argument is of type 'char'
 void print( const char8 *ptr);
             ~~~~~~~~~~~~~^~~
../src/helloworld.c: In function 'main':
../src/helloworld.c:13:21: error: 'vola' undeclared (first use in this function); did you mean 'void'?
 #define DIRM_2   (*(vola  tile unsigned int *)0xE000A284)
                     ^~~~
../src/helloworld.c:255:2: note: in expansion of macro 'DIRM_2'
  DIRM_2 = DIRM_2 & 0xFFFFFFE0;
  ^~~~~~
../src/helloworld.c:13:21: note: each undeclared identifier is reported only once for each function it appears in
 #define DIRM_2   (*(vola  tile unsigned int *)0xE000A284)
                     ^~~~
../src/helloworld.c:255:2: note: in expansion of macro 'DIRM_2'
  DIRM_2 = DIRM_2 & 0xFFFFFFE0;
  ^~~~~~
../src/helloworld.c:13:27: error: expected ')' before 'tile'
 #define DIRM_2   (*(vola  tile unsigned int *)0xE000A284)
                    ~      ^~~~
../src/helloworld.c:255:2: note: in expansion of macro 'DIRM_2'
  DIRM_2 = DIRM_2 & 0xFFFFFFE0;
  ^~~~~~
../src/helloworld.c:13:47: error: expected ')' before numeric constant
 #define DIRM_2   (*(vola  tile unsigned int *)0xE000A284)
                  ~                            ^~~~~~~~~~
../src/helloworld.c:255:2: note: in expansion of macro 'DIRM_2'
  DIRM_2 = DIRM_2 & 0xFFFFFFE0;
  ^~~~~~
../src/helloworld.c:13:27: error: expected ')' before 'tile'
 #define DIRM_2   (*(vola  tile unsigned int *)0xE000A284)
                    ~      ^~~~
../src/helloworld.c:255:11: note: in expansion of macro 'DIRM_2'
  DIRM_2 = DIRM_2 & 0xFFFFFFE0;
           ^~~~~~
../src/helloworld.c:13:47: error: expected ')' before numeric constant
 #define DIRM_2   (*(vola  tile unsigned int *)0xE000A284)
                  ~                            ^~~~~~~~~~
../src/helloworld.c:255:11: note: in expansion of macro 'DIRM_2'
  DIRM_2 = DIRM_2 & 0xFFFFFFE0;
           ^~~~~~
../src/helloworld.c:13:27: error: expected ')' before 'tile'
 #define DIRM_2   (*(vola  tile unsigned int *)0xE000A284)
                    ~      ^~~~
../src/helloworld.c:257:2: note: in expansion of macro 'DIRM_2'
  DIRM_2 = DIRM_2 & 0xFFFFE01F;
  ^~~~~~
../src/helloworld.c:13:47: error: expected ')' before numeric constant
 #define DIRM_2   (*(vola  tile unsigned int *)0xE000A284)
                  ~                            ^~~~~~~~~~
../src/helloworld.c:257:2: note: in expansion of macro 'DIRM_2'
  DIRM_2 = DIRM_2 & 0xFFFFE01F;
  ^~~~~~
../src/helloworld.c:13:27: error: expected ')' before 'tile'
 #define DIRM_2   (*(vola  tile unsigned int *)0xE000A284)
                    ~      ^~~~
../src/helloworld.c:257:11: note: in expansion of macro 'DIRM_2'
  DIRM_2 = DIRM_2 & 0xFFFFE01F;
           ^~~~~~
../src/helloworld.c:13:47: error: expected ')' before numeric constant
 #define DIRM_2   (*(vola  tile unsigned int *)0xE000A284)
                  ~                            ^~~~~~~~~~
../src/helloworld.c:257:11: note: in expansion of macro 'DIRM_2'
  DIRM_2 = DIRM_2 & 0xFFFFE01F;
           ^~~~~~
../src/helloworld.c:13:27: error: expected ')' before 'tile'
 #define DIRM_2   (*(vola  tile unsigned int *)0xE000A284)
                    ~      ^~~~
../src/helloworld.c:259:2: note: in expansion of macro 'DIRM_2'
  DIRM_2 = DIRM_2|0x001FE000;
  ^~~~~~
../src/helloworld.c:13:47: error: expected ')' before numeric constant
 #define DIRM_2   (*(vola  tile unsigned int *)0xE000A284)
                  ~                            ^~~~~~~~~~
../src/helloworld.c:259:2: note: in expansion of macro 'DIRM_2'
  DIRM_2 = DIRM_2|0x001FE000;
  ^~~~~~
../src/helloworld.c:13:27: error: expected ')' before 'tile'
 #define DIRM_2   (*(vola  tile unsigned int *)0xE000A284)
                    ~      ^~~~
../src/helloworld.c:259:11: note: in expansion of macro 'DIRM_2'
  DIRM_2 = DIRM_2|0x001FE000;
           ^~~~~~
../src/helloworld.c:13:47: error: expected ')' before numeric constant
 #define DIRM_2   (*(vola  tile unsigned int *)0xE000A284)
                  ~                            ^~~~~~~~~~
../src/helloworld.c:259:11: note: in expansion of macro 'DIRM_2'
  DIRM_2 = DIRM_2|0x001FE000;
           ^~~~~~
../src/helloworld.c: In function 'proBox':
../src/helloworld.c:393:16: warning: variable 'recdata' set but not used [-Wunused-but-set-variable]
  unsigned char recdata;
                ^~~~~~~
make: *** [src/subdir.mk:26: src/helloworld.o] Error 1
09:49:14 **** Incremental Build of configuration Debug for project PS918106840727_TEST ****
make pre-build main-build 
a9-linaro-pre-build-step
' '
'Building file: ../src/helloworld.c'
'Invoking: ARM v7 gcc compiler'
arm-none-eabi-gcc -Wall -O0 -g3 -c -fmessage-length=0 -MT"src/helloworld.o" -mcpu=cortex-a9 -mfpu=vfpv3 -mfloat-abi=hard -I../../PS918106840727_TEST_bsp/ps7_cortexa9_0/include -MMD -MP -MF"src/helloworld.d" -MT"src/helloworld.o" -o "src/helloworld.o" "../src/helloworld.c"
../src/helloworld.c: In function 'rec_Char':
../src/helloworld.c:83:32: warning: bitwise comparison always evaluates to false [-Wtautological-compare]
  while((rChannel_sts_reg0&0x20)==0x2);
                                ^~
../src/helloworld.c:85:8: warning: passing argument 1 of 'print' makes pointer from integer without a cast [-Wint-conversion]
  print(data);
        ^~~~
In file included from ../src/helloworld.c:3:
../../PS918106840727_TEST_bsp/ps7_cortexa9_0/include/xil_printf.h:40:26: note: expected 'const char8 *' {aka 'const char *'} but argument is of type 'char'
 void print( const char8 *ptr);
             ~~~~~~~~~~~~~^~~
../src/helloworld.c: In function 'main':
../src/helloworld.c:13:21: error: 'vola' undeclared (first use in this function); did you mean 'void'?
 #define DIRM_2   (*(vola  tile unsigned int *)0xE000A284)
                     ^~~~
../src/helloworld.c:255:2: note: in expansion of macro 'DIRM_2'
  DIRM_2 = DIRM_2 & 0xFFFFFFE0;
  ^~~~~~
../src/helloworld.c:13:21: note: each undeclared identifier is reported only once for each function it appears in
 #define DIRM_2   (*(vola  tile unsigned int *)0xE000A284)
                     ^~~~
../src/helloworld.c:255:2: note: in expansion of macro 'DIRM_2'
  DIRM_2 = DIRM_2 & 0xFFFFFFE0;
  ^~~~~~
../src/helloworld.c:13:27: error: expected ')' before 'tile'
 #define DIRM_2   (*(vola  tile unsigned int *)0xE000A284)
                    ~      ^~~~
../src/helloworld.c:255:2: note: in expansion of macro 'DIRM_2'
  DIRM_2 = DIRM_2 & 0xFFFFFFE0;
  ^~~~~~
../src/helloworld.c:13:47: error: expected ')' before numeric constant
 #define DIRM_2   (*(vola  tile unsigned int *)0xE000A284)
                  ~                            ^~~~~~~~~~
../src/helloworld.c:255:2: note: in expansion of macro 'DIRM_2'
  DIRM_2 = DIRM_2 & 0xFFFFFFE0;
  ^~~~~~
../src/helloworld.c:13:27: error: expected ')' before 'tile'
 #define DIRM_2   (*(vola  tile unsigned int *)0xE000A284)
                    ~      ^~~~
../src/helloworld.c:255:11: note: in expansion of macro 'DIRM_2'
  DIRM_2 = DIRM_2 & 0xFFFFFFE0;
           ^~~~~~
../src/helloworld.c:13:47: error: expected ')' before numeric constant
 #define DIRM_2   (*(vola  tile unsigned int *)0xE000A284)
                  ~                            ^~~~~~~~~~
../src/helloworld.c:255:11: note: in expansion of macro 'DIRM_2'
  DIRM_2 = DIRM_2 & 0xFFFFFFE0;
           ^~~~~~
../src/helloworld.c:13:27: error: expected ')' before 'tile'
 #define DIRM_2   (*(vola  tile unsigned int *)0xE000A284)
                    ~      ^~~~
../src/helloworld.c:257:2: note: in expansion of macro 'DIRM_2'
  DIRM_2 = DIRM_2 & 0xFFFFE01F;
  ^~~~~~
../src/helloworld.c:13:47: error: expected ')' before numeric constant
 #define DIRM_2   (*(vola  tile unsigned int *)0xE000A284)
                  ~                            ^~~~~~~~~~
../src/helloworld.c:257:2: note: in expansion of macro 'DIRM_2'
  DIRM_2 = DIRM_2 & 0xFFFFE01F;
  ^~~~~~
../src/helloworld.c:13:27: error: expected ')' before 'tile'
 #define DIRM_2   (*(vola  tile unsigned int *)0xE000A284)
                    ~      ^~~~
../src/helloworld.c:257:11: note: in expansion of macro 'DIRM_2'
  DIRM_2 = DIRM_2 & 0xFFFFE01F;
           ^~~~~~
../src/helloworld.c:13:47: error: expected ')' before numeric constant
 #define DIRM_2   (*(vola  tile unsigned int *)0xE000A284)
                  ~                            ^~~~~~~~~~
../src/helloworld.c:257:11: note: in expansion of macro 'DIRM_2'
  DIRM_2 = DIRM_2 & 0xFFFFE01F;
           ^~~~~~
../src/helloworld.c:13:27: error: expected ')' before 'tile'
 #define DIRM_2   (*(vola  tile unsigned int *)0xE000A284)
                    ~      ^~~~
../src/helloworld.c:259:2: note: in expansion of macro 'DIRM_2'
  DIRM_2 = DIRM_2|0x001FE000;
  ^~~~~~
../src/helloworld.c:13:47: error: expected ')' before numeric constant
 #define DIRM_2   (*(vola  tile unsigned int *)0xE000A284)
                  ~                            ^~~~~~~~~~
../src/helloworld.c:259:2: note: in expansion of macro 'DIRM_2'
  DIRM_2 = DIRM_2|0x001FE000;
  ^~~~~~
../src/helloworld.c:13:27: error: expected ')' before 'tile'
 #define DIRM_2   (*(vola  tile unsigned int *)0xE000A284)
                    ~      ^~~~
../src/helloworld.c:259:11: note: in expansion of macro 'DIRM_2'
  DIRM_2 = DIRM_2|0x001FE000;
           ^~~~~~
../src/helloworld.c:13:47: error: expected ')' before numeric constant
 #define DIRM_2   (*(vola  tile unsigned int *)0xE000A284)
                  ~                            ^~~~~~~~~~
../src/helloworld.c:259:11: note: in expansion of macro 'DIRM_2'
  DIRM_2 = DIRM_2|0x001FE000;
           ^~~~~~
../src/helloworld.c: In function 'proBox':
../src/helloworld.c:393:16: warning: variable 'recdata' set but not used [-Wunused-but-set-variable]
  unsigned char recdata;
                ^~~~~~~
make: *** [src/subdir.mk:26: src/helloworld.o] Error 1
09:50:03 **** Incremental Build of configuration Debug for project PS918106840727_TEST ****
make pre-build main-build 
a9-linaro-pre-build-step
' '
'Building file: ../src/helloworld.c'
'Invoking: ARM v7 gcc compiler'
arm-none-eabi-gcc -Wall -O0 -g3 -c -fmessage-length=0 -MT"src/helloworld.o" -mcpu=cortex-a9 -mfpu=vfpv3 -mfloat-abi=hard -I../../PS918106840727_TEST_bsp/ps7_cortexa9_0/include -MMD -MP -MF"src/helloworld.d" -MT"src/helloworld.o" -o "src/helloworld.o" "../src/helloworld.c"
../src/helloworld.c: In function 'rec_Char':
../src/helloworld.c:83:32: warning: bitwise comparison always evaluates to false [-Wtautological-compare]
  while((rChannel_sts_reg0&0x20)==0x2);
                                ^~
../src/helloworld.c:85:8: warning: passing argument 1 of 'print' makes pointer from integer without a cast [-Wint-conversion]
  print(data);
        ^~~~
In file included from ../src/helloworld.c:3:
../../PS918106840727_TEST_bsp/ps7_cortexa9_0/include/xil_printf.h:40:26: note: expected 'const char8 *' {aka 'const char *'} but argument is of type 'char'
 void print( const char8 *ptr);
             ~~~~~~~~~~~~~^~~
../src/helloworld.c: In function 'main':
../src/helloworld.c:13:21: error: 'vola' undeclared (first use in this function); did you mean 'void'?
 #define DIRM_2   (*(vola  tile unsigned int *)0xE000A284)
                     ^~~~
../src/helloworld.c:255:2: note: in expansion of macro 'DIRM_2'
  DIRM_2 = DIRM_2 & 0xFFFFFFE0;
  ^~~~~~
../src/helloworld.c:13:21: note: each undeclared identifier is reported only once for each function it appears in
 #define DIRM_2   (*(vola  tile unsigned int *)0xE000A284)
                     ^~~~
../src/helloworld.c:255:2: note: in expansion of macro 'DIRM_2'
  DIRM_2 = DIRM_2 & 0xFFFFFFE0;
  ^~~~~~
../src/helloworld.c:13:27: error: expected ')' before 'tile'
 #define DIRM_2   (*(vola  tile unsigned int *)0xE000A284)
                    ~      ^~~~
../src/helloworld.c:255:2: note: in expansion of macro 'DIRM_2'
  DIRM_2 = DIRM_2 & 0xFFFFFFE0;
  ^~~~~~
../src/helloworld.c:13:47: error: expected ')' before numeric constant
 #define DIRM_2   (*(vola  tile unsigned int *)0xE000A284)
                  ~                            ^~~~~~~~~~
../src/helloworld.c:255:2: note: in expansion of macro 'DIRM_2'
  DIRM_2 = DIRM_2 & 0xFFFFFFE0;
  ^~~~~~
../src/helloworld.c:13:27: error: expected ')' before 'tile'
 #define DIRM_2   (*(vola  tile unsigned int *)0xE000A284)
                    ~      ^~~~
../src/helloworld.c:255:11: note: in expansion of macro 'DIRM_2'
  DIRM_2 = DIRM_2 & 0xFFFFFFE0;
           ^~~~~~
../src/helloworld.c:13:47: error: expected ')' before numeric constant
 #define DIRM_2   (*(vola  tile unsigned int *)0xE000A284)
                  ~                            ^~~~~~~~~~
../src/helloworld.c:255:11: note: in expansion of macro 'DIRM_2'
  DIRM_2 = DIRM_2 & 0xFFFFFFE0;
           ^~~~~~
../src/helloworld.c:13:27: error: expected ')' before 'tile'
 #define DIRM_2   (*(vola  tile unsigned int *)0xE000A284)
                    ~      ^~~~
../src/helloworld.c:257:2: note: in expansion of macro 'DIRM_2'
  DIRM_2 = DIRM_2 & 0xFFFFE01F;
  ^~~~~~
../src/helloworld.c:13:47: error: expected ')' before numeric constant
 #define DIRM_2   (*(vola  tile unsigned int *)0xE000A284)
                  ~                            ^~~~~~~~~~
../src/helloworld.c:257:2: note: in expansion of macro 'DIRM_2'
  DIRM_2 = DIRM_2 & 0xFFFFE01F;
  ^~~~~~
../src/helloworld.c:13:27: error: expected ')' before 'tile'
 #define DIRM_2   (*(vola  tile unsigned int *)0xE000A284)
                    ~      ^~~~
../src/helloworld.c:257:11: note: in expansion of macro 'DIRM_2'
  DIRM_2 = DIRM_2 & 0xFFFFE01F;
           ^~~~~~
../src/helloworld.c:13:47: error: expected ')' before numeric constant
 #define DIRM_2   (*(vola  tile unsigned int *)0xE000A284)
                  ~                            ^~~~~~~~~~
../src/helloworld.c:257:11: note: in expansion of macro 'DIRM_2'
  DIRM_2 = DIRM_2 & 0xFFFFE01F;
           ^~~~~~
../src/helloworld.c:13:27: error: expected ')' before 'tile'
 #define DIRM_2   (*(vola  tile unsigned int *)0xE000A284)
                    ~      ^~~~
../src/helloworld.c:259:2: note: in expansion of macro 'DIRM_2'
  DIRM_2 = DIRM_2|0x001FE000;
  ^~~~~~
../src/helloworld.c:13:47: error: expected ')' before numeric constant
 #define DIRM_2   (*(vola  tile unsigned int *)0xE000A284)
                  ~                            ^~~~~~~~~~
../src/helloworld.c:259:2: note: in expansion of macro 'DIRM_2'
  DIRM_2 = DIRM_2|0x001FE000;
  ^~~~~~
../src/helloworld.c:13:27: error: expected ')' before 'tile'
 #define DIRM_2   (*(vola  tile unsigned int *)0xE000A284)
                    ~      ^~~~
../src/helloworld.c:259:11: note: in expansion of macro 'DIRM_2'
  DIRM_2 = DIRM_2|0x001FE000;
           ^~~~~~
../src/helloworld.c:13:47: error: expected ')' before numeric constant
 #define DIRM_2   (*(vola  tile unsigned int *)0xE000A284)
                  ~                            ^~~~~~~~~~
../src/helloworld.c:259:11: note: in expansion of macro 'DIRM_2'
  DIRM_2 = DIRM_2|0x001FE000;
           ^~~~~~
../src/helloworld.c: In function 'proBox':
../src/helloworld.c:393:16: warning: variable 'recdata' set but not used [-Wunused-but-set-variable]
  unsigned char recdata;
                ^~~~~~~
make: *** [src/subdir.mk:26: src/helloworld.o] Error 1
09:52:38 **** Incremental Build of configuration Debug for project PS918106840727_TEST ****
make pre-build main-build 
a9-linaro-pre-build-step
' '
'Building file: ../src/helloworld.c'
'Invoking: ARM v7 gcc compiler'
arm-none-eabi-gcc -Wall -O0 -g3 -c -fmessage-length=0 -MT"src/helloworld.o" -mcpu=cortex-a9 -mfpu=vfpv3 -mfloat-abi=hard -I../../PS918106840727_TEST_bsp/ps7_cortexa9_0/include -MMD -MP -MF"src/helloworld.d" -MT"src/helloworld.o" -o "src/helloworld.o" "../src/helloworld.c"
../src/helloworld.c: In function 'rec_Char':
../src/helloworld.c:83:32: warning: bitwise comparison always evaluates to false [-Wtautological-compare]
  while((rChannel_sts_reg0&0x20)==0x2);
                                ^~
../src/helloworld.c:85:8: warning: passing argument 1 of 'print' makes pointer from integer without a cast [-Wint-conversion]
  print(data);
        ^~~~
In file included from ../src/helloworld.c:3:
../../PS918106840727_TEST_bsp/ps7_cortexa9_0/include/xil_printf.h:40:26: note: expected 'const char8 *' {aka 'const char *'} but argument is of type 'char'
 void print( const char8 *ptr);
             ~~~~~~~~~~~~~^~~
../src/helloworld.c: In function 'main':
../src/helloworld.c:13:21: error: 'vola' undeclared (first use in this function); did you mean 'void'?
 #define DIRM_2   (*(vola  tile unsigned int *)0xE000A284)
                     ^~~~
../src/helloworld.c:255:2: note: in expansion of macro 'DIRM_2'
  DIRM_2 = DIRM_2 & 0xFFFFFFE0;
  ^~~~~~
../src/helloworld.c:13:21: note: each undeclared identifier is reported only once for each function it appears in
 #define DIRM_2   (*(vola  tile unsigned int *)0xE000A284)
                     ^~~~
../src/helloworld.c:255:2: note: in expansion of macro 'DIRM_2'
  DIRM_2 = DIRM_2 & 0xFFFFFFE0;
  ^~~~~~
../src/helloworld.c:13:27: error: expected ')' before 'tile'
 #define DIRM_2   (*(vola  tile unsigned int *)0xE000A284)
                    ~      ^~~~
../src/helloworld.c:255:2: note: in expansion of macro 'DIRM_2'
  DIRM_2 = DIRM_2 & 0xFFFFFFE0;
  ^~~~~~
../src/helloworld.c:13:47: error: expected ')' before numeric constant
 #define DIRM_2   (*(vola  tile unsigned int *)0xE000A284)
                  ~                            ^~~~~~~~~~
../src/helloworld.c:255:2: note: in expansion of macro 'DIRM_2'
  DIRM_2 = DIRM_2 & 0xFFFFFFE0;
  ^~~~~~
../src/helloworld.c:13:27: error: expected ')' before 'tile'
 #define DIRM_2   (*(vola  tile unsigned int *)0xE000A284)
                    ~      ^~~~
../src/helloworld.c:255:11: note: in expansion of macro 'DIRM_2'
  DIRM_2 = DIRM_2 & 0xFFFFFFE0;
           ^~~~~~
../src/helloworld.c:13:47: error: expected ')' before numeric constant
 #define DIRM_2   (*(vola  tile unsigned int *)0xE000A284)
                  ~                            ^~~~~~~~~~
../src/helloworld.c:255:11: note: in expansion of macro 'DIRM_2'
  DIRM_2 = DIRM_2 & 0xFFFFFFE0;
           ^~~~~~
../src/helloworld.c:13:27: error: expected ')' before 'tile'
 #define DIRM_2   (*(vola  tile unsigned int *)0xE000A284)
                    ~      ^~~~
../src/helloworld.c:257:2: note: in expansion of macro 'DIRM_2'
  DIRM_2 = DIRM_2 & 0xFFFFE01F;
  ^~~~~~
../src/helloworld.c:13:47: error: expected ')' before numeric constant
 #define DIRM_2   (*(vola  tile unsigned int *)0xE000A284)
                  ~                            ^~~~~~~~~~
../src/helloworld.c:257:2: note: in expansion of macro 'DIRM_2'
  DIRM_2 = DIRM_2 & 0xFFFFE01F;
  ^~~~~~
../src/helloworld.c:13:27: error: expected ')' before 'tile'
 #define DIRM_2   (*(vola  tile unsigned int *)0xE000A284)
                    ~      ^~~~
../src/helloworld.c:257:11: note: in expansion of macro 'DIRM_2'
  DIRM_2 = DIRM_2 & 0xFFFFE01F;
           ^~~~~~
../src/helloworld.c:13:47: error: expected ')' before numeric constant
 #define DIRM_2   (*(vola  tile unsigned int *)0xE000A284)
                  ~                            ^~~~~~~~~~
../src/helloworld.c:257:11: note: in expansion of macro 'DIRM_2'
  DIRM_2 = DIRM_2 & 0xFFFFE01F;
           ^~~~~~
../src/helloworld.c:13:27: error: expected ')' before 'tile'
 #define DIRM_2   (*(vola  tile unsigned int *)0xE000A284)
                    ~      ^~~~
../src/helloworld.c:259:2: note: in expansion of macro 'DIRM_2'
  DIRM_2 = DIRM_2|0x001FE000;
  ^~~~~~
../src/helloworld.c:13:47: error: expected ')' before numeric constant
 #define DIRM_2   (*(vola  tile unsigned int *)0xE000A284)
                  ~                            ^~~~~~~~~~
../src/helloworld.c:259:2: note: in expansion of macro 'DIRM_2'
  DIRM_2 = DIRM_2|0x001FE000;
  ^~~~~~
../src/helloworld.c:13:27: error: expected ')' before 'tile'
 #define DIRM_2   (*(vola  tile unsigned int *)0xE000A284)
                    ~      ^~~~
../src/helloworld.c:259:11: note: in expansion of macro 'DIRM_2'
  DIRM_2 = DIRM_2|0x001FE000;
           ^~~~~~
../src/helloworld.c:13:47: error: expected ')' before numeric constant
 #define DIRM_2   (*(vola  tile unsigned int *)0xE000A284)
                  ~                            ^~~~~~~~~~
../src/helloworld.c:259:11: note: in expansion of macro 'DIRM_2'
  DIRM_2 = DIRM_2|0x001FE000;
           ^~~~~~
../src/helloworld.c: In function 'proBox':
../src/helloworld.c:393:16: warning: variable 'recdata' set but not used [-Wunused-but-set-variable]
  unsigned char recdata;
                ^~~~~~~
make: *** [src/subdir.mk:26: src/helloworld.o] Error 1
09:53:07 **** Incremental Build of configuration Debug for project PS918106840727_TEST ****
make pre-build main-build 
a9-linaro-pre-build-step
' '
'Building file: ../src/helloworld.c'
'Invoking: ARM v7 gcc compiler'
arm-none-eabi-gcc -Wall -O0 -g3 -c -fmessage-length=0 -MT"src/helloworld.o" -mcpu=cortex-a9 -mfpu=vfpv3 -mfloat-abi=hard -I../../PS918106840727_TEST_bsp/ps7_cortexa9_0/include -MMD -MP -MF"src/helloworld.d" -MT"src/helloworld.o" -o "src/helloworld.o" "../src/helloworld.c"
../src/helloworld.c: In function 'rec_Char':
../src/helloworld.c:83:32: warning: bitwise comparison always evaluates to false [-Wtautological-compare]
  while((rChannel_sts_reg0&0x20)==0x2);
                                ^~
../src/helloworld.c:85:8: warning: passing argument 1 of 'print' makes pointer from integer without a cast [-Wint-conversion]
  print(data);
        ^~~~
In file included from ../src/helloworld.c:3:
../../PS918106840727_TEST_bsp/ps7_cortexa9_0/include/xil_printf.h:40:26: note: expected 'const char8 *' {aka 'const char *'} but argument is of type 'char'
 void print( const char8 *ptr);
             ~~~~~~~~~~~~~^~~
../src/helloworld.c: In function 'main':
../src/helloworld.c:13:21: error: 'vola' undeclared (first use in this function); did you mean 'void'?
 #define DIRM_2   (*(vola  tile unsigned int *)0xE000A284)
                     ^~~~
../src/helloworld.c:255:2: note: in expansion of macro 'DIRM_2'
  DIRM_2 = DIRM_2 & 0xFFFFFFE0;
  ^~~~~~
../src/helloworld.c:13:21: note: each undeclared identifier is reported only once for each function it appears in
 #define DIRM_2   (*(vola  tile unsigned int *)0xE000A284)
                     ^~~~
../src/helloworld.c:255:2: note: in expansion of macro 'DIRM_2'
  DIRM_2 = DIRM_2 & 0xFFFFFFE0;
  ^~~~~~
../src/helloworld.c:13:27: error: expected ')' before 'tile'
 #define DIRM_2   (*(vola  tile unsigned int *)0xE000A284)
                    ~      ^~~~
../src/helloworld.c:255:2: note: in expansion of macro 'DIRM_2'
  DIRM_2 = DIRM_2 & 0xFFFFFFE0;
  ^~~~~~
../src/helloworld.c:13:47: error: expected ')' before numeric constant
 #define DIRM_2   (*(vola  tile unsigned int *)0xE000A284)
                  ~                            ^~~~~~~~~~
../src/helloworld.c:255:2: note: in expansion of macro 'DIRM_2'
  DIRM_2 = DIRM_2 & 0xFFFFFFE0;
  ^~~~~~
../src/helloworld.c:13:27: error: expected ')' before 'tile'
 #define DIRM_2   (*(vola  tile unsigned int *)0xE000A284)
                    ~      ^~~~
../src/helloworld.c:255:11: note: in expansion of macro 'DIRM_2'
  DIRM_2 = DIRM_2 & 0xFFFFFFE0;
           ^~~~~~
../src/helloworld.c:13:47: error: expected ')' before numeric constant
 #define DIRM_2   (*(vola  tile unsigned int *)0xE000A284)
                  ~                            ^~~~~~~~~~
../src/helloworld.c:255:11: note: in expansion of macro 'DIRM_2'
  DIRM_2 = DIRM_2 & 0xFFFFFFE0;
           ^~~~~~
../src/helloworld.c:13:27: error: expected ')' before 'tile'
 #define DIRM_2   (*(vola  tile unsigned int *)0xE000A284)
                    ~      ^~~~
../src/helloworld.c:257:2: note: in expansion of macro 'DIRM_2'
  DIRM_2 = DIRM_2 & 0xFFFFE01F;
  ^~~~~~
../src/helloworld.c:13:47: error: expected ')' before numeric constant
 #define DIRM_2   (*(vola  tile unsigned int *)0xE000A284)
                  ~                            ^~~~~~~~~~
../src/helloworld.c:257:2: note: in expansion of macro 'DIRM_2'
  DIRM_2 = DIRM_2 & 0xFFFFE01F;
  ^~~~~~
../src/helloworld.c:13:27: error: expected ')' before 'tile'
 #define DIRM_2   (*(vola  tile unsigned int *)0xE000A284)
                    ~      ^~~~
../src/helloworld.c:257:11: note: in expansion of macro 'DIRM_2'
  DIRM_2 = DIRM_2 & 0xFFFFE01F;
           ^~~~~~
../src/helloworld.c:13:47: error: expected ')' before numeric constant
 #define DIRM_2   (*(vola  tile unsigned int *)0xE000A284)
                  ~                            ^~~~~~~~~~
../src/helloworld.c:257:11: note: in expansion of macro 'DIRM_2'
  DIRM_2 = DIRM_2 & 0xFFFFE01F;
           ^~~~~~
../src/helloworld.c:13:27: error: expected ')' before 'tile'
 #define DIRM_2   (*(vola  tile unsigned int *)0xE000A284)
                    ~      ^~~~
../src/helloworld.c:259:2: note: in expansion of macro 'DIRM_2'
  DIRM_2 = DIRM_2|0x001FE000;
  ^~~~~~
../src/helloworld.c:13:47: error: expected ')' before numeric constant
 #define DIRM_2   (*(vola  tile unsigned int *)0xE000A284)
                  ~                            ^~~~~~~~~~
../src/helloworld.c:259:2: note: in expansion of macro 'DIRM_2'
  DIRM_2 = DIRM_2|0x001FE000;
  ^~~~~~
../src/helloworld.c:13:27: error: expected ')' before 'tile'
 #define DIRM_2   (*(vola  tile unsigned int *)0xE000A284)
                    ~      ^~~~
../src/helloworld.c:259:11: note: in expansion of macro 'DIRM_2'
  DIRM_2 = DIRM_2|0x001FE000;
           ^~~~~~
../src/helloworld.c:13:47: error: expected ')' before numeric constant
 #define DIRM_2   (*(vola  tile unsigned int *)0xE000A284)
                  ~                            ^~~~~~~~~~
../src/helloworld.c:259:11: note: in expansion of macro 'DIRM_2'
  DIRM_2 = DIRM_2|0x001FE000;
           ^~~~~~
../src/helloworld.c: In function 'proBox':
../src/helloworld.c:393:16: warning: variable 'recdata' set but not used [-Wunused-but-set-variable]
  unsigned char recdata;
                ^~~~~~~
make: *** [src/subdir.mk:26: src/helloworld.o] Error 1
09:53:18 **** Auto Build of configuration Debug for project PS918106840727_TEST ****
make pre-build main-build 
a9-linaro-pre-build-step
' '
'Building file: ../src/helloworld.c'
'Invoking: ARM v7 gcc compiler'
arm-none-eabi-gcc -Wall -O0 -g3 -c -fmessage-length=0 -MT"src/helloworld.o" -mcpu=cortex-a9 -mfpu=vfpv3 -mfloat-abi=hard -I../../PS918106840727_TEST_bsp/ps7_cortexa9_0/include -MMD -MP -MF"src/helloworld.d" -MT"src/helloworld.o" -o "src/helloworld.o" "../src/helloworld.c"
../src/helloworld.c: In function 'rec_Char':
../src/helloworld.c:83:32: warning: bitwise comparison always evaluates to false [-Wtautological-compare]
  while((rChannel_sts_reg0&0x20)==0x2);
                                ^~
../src/helloworld.c:85:8: warning: passing argument 1 of 'print' makes pointer from integer without a cast [-Wint-conversion]
  print(data);
        ^~~~
In file included from ../src/helloworld.c:3:
../../PS918106840727_TEST_bsp/ps7_cortexa9_0/include/xil_printf.h:40:26: note: expected 'const char8 *' {aka 'const char *'} but argument is of type 'char'
 void print( const char8 *ptr);
             ~~~~~~~~~~~~~^~~
../src/helloworld.c: In function 'proBox':
../src/helloworld.c:394:16: warning: variable 'recdata' set but not used [-Wunused-but-set-variable]
  unsigned char recdata;
                ^~~~~~~
'Finished building: ../src/helloworld.c'
' '
'Building target: PS918106840727_TEST.elf'
'Invoking: ARM v7 gcc linker'
arm-none-eabi-gcc -mcpu=cortex-a9 -mfpu=vfpv3 -mfloat-abi=hard -Wl,-build-id=none -specs=Xilinx.spec -Wl,-T -Wl,../src/lscript.ld -L../../PS918106840727_TEST_bsp/ps7_cortexa9_0/lib -o "PS918106840727_TEST.elf"  ./src/helloworld.o ./src/platform.o   -Wl,--start-group,-lxil,-lgcc,-lc,--end-group
'Finished building target: PS918106840727_TEST.elf'
' '
'Invoking: ARM v7 Print Size'
arm-none-eabi-size PS918106840727_TEST.elf  |tee "PS918106840727_TEST.elf.size"
   text	   data	    bss	    dec	    hex	filename
  23684	   1144	  22616	  47444	   b954	PS918106840727_TEST.elf
'Finished building: PS918106840727_TEST.elf.size'
' '
09:53:28 **** Incremental Build of configuration Debug for project PS918106840727_TEST ****
make pre-build main-build 
a9-linaro-pre-build-step
' '
make: Nothing to be done for 'main-build'.
10:00:36 **** Auto Build of configuration Debug for project PS918106840727_TEST ****
make pre-build main-build 
a9-linaro-pre-build-step
' '
'Building file: ../src/helloworld.c'
'Invoking: ARM v7 gcc compiler'
arm-none-eabi-gcc -Wall -O0 -g3 -c -fmessage-length=0 -MT"src/helloworld.o" -mcpu=cortex-a9 -mfpu=vfpv3 -mfloat-abi=hard -I../../PS918106840727_TEST_bsp/ps7_cortexa9_0/include -MMD -MP -MF"src/helloworld.d" -MT"src/helloworld.o" -o "src/helloworld.o" "../src/helloworld.c"
../src/helloworld.c: In function 'rec_Char':
../src/helloworld.c:83:32: warning: bitwise comparison always evaluates to false [-Wtautological-compare]
  while((rChannel_sts_reg0&0x20)==0x2);
                                ^~
../src/helloworld.c: In function 'proBox':
../src/helloworld.c:397:16: warning: variable 'recdata' set but not used [-Wunused-but-set-variable]
  unsigned char recdata;
                ^~~~~~~
'Finished building: ../src/helloworld.c'
' '
'Building target: PS918106840727_TEST.elf'
'Invoking: ARM v7 gcc linker'
arm-none-eabi-gcc -mcpu=cortex-a9 -mfpu=vfpv3 -mfloat-abi=hard -Wl,-build-id=none -specs=Xilinx.spec -Wl,-T -Wl,../src/lscript.ld -L../../PS918106840727_TEST_bsp/ps7_cortexa9_0/lib -o "PS918106840727_TEST.elf"  ./src/helloworld.o ./src/platform.o   -Wl,--start-group,-lxil,-lgcc,-lc,--end-group
'Finished building target: PS918106840727_TEST.elf'
' '
'Invoking: ARM v7 Print Size'
arm-none-eabi-size PS918106840727_TEST.elf  |tee "PS918106840727_TEST.elf.size"
   text	   data	    bss	    dec	    hex	filename
  23500	   1144	  22616	  47260	   b89c	PS918106840727_TEST.elf
'Finished building: PS918106840727_TEST.elf.size'
' '
10:00:43 **** Incremental Build of configuration Debug for project PS918106840727_TEST ****
make pre-build main-build 
a9-linaro-pre-build-step
' '
make: Nothing to be done for 'main-build'.
10:00:47 **** Incremental Build of configuration Debug for project PS918106840727_TEST ****
make pre-build main-build 
a9-linaro-pre-build-step
' '
make: Nothing to be done for 'main-build'.
10:07:00 **** Auto Build of configuration Debug for project PS918106840727_TEST ****
make pre-build main-build 
a9-linaro-pre-build-step
' '
'Building file: ../src/helloworld.c'
'Invoking: ARM v7 gcc compiler'
arm-none-eabi-gcc -Wall -O0 -g3 -c -fmessage-length=0 -MT"src/helloworld.o" -mcpu=cortex-a9 -mfpu=vfpv3 -mfloat-abi=hard -I../../PS918106840727_TEST_bsp/ps7_cortexa9_0/include -MMD -MP -MF"src/helloworld.d" -MT"src/helloworld.o" -o "src/helloworld.o" "../src/helloworld.c"
../src/helloworld.c: In function 'rec_Char':
../src/helloworld.c:83:32: warning: bitwise comparison always evaluates to false [-Wtautological-compare]
  while((rChannel_sts_reg0&0x20)==0x2);
                                ^~
../src/helloworld.c: In function 'proBox':
../src/helloworld.c:392:16: warning: variable 'recdata' set but not used [-Wunused-but-set-variable]
  unsigned char recdata;
                ^~~~~~~
'Finished building: ../src/helloworld.c'
' '
'Building target: PS918106840727_TEST.elf'
'Invoking: ARM v7 gcc linker'
arm-none-eabi-gcc -mcpu=cortex-a9 -mfpu=vfpv3 -mfloat-abi=hard -Wl,-build-id=none -specs=Xilinx.spec -Wl,-T -Wl,../src/lscript.ld -L../../PS918106840727_TEST_bsp/ps7_cortexa9_0/lib -o "PS918106840727_TEST.elf"  ./src/helloworld.o ./src/platform.o   -Wl,--start-group,-lxil,-lgcc,-lc,--end-group
'Finished building target: PS918106840727_TEST.elf'
' '
'Invoking: ARM v7 Print Size'
arm-none-eabi-size PS918106840727_TEST.elf  |tee "PS918106840727_TEST.elf.size"
   text	   data	    bss	    dec	    hex	filename
  23460	   1144	  22616	  47220	   b874	PS918106840727_TEST.elf
'Finished building: PS918106840727_TEST.elf.size'
' '
10:13:24 **** Incremental Build of configuration Debug for project PS918106840727_TEST ****
make pre-build main-build 
a9-linaro-pre-build-step
' '
make: Nothing to be done for 'main-build'.
10:34:05 **** Auto Build of configuration Debug for project PS918106840727_TEST ****
make pre-build main-build 
a9-linaro-pre-build-step
' '
'Building file: ../src/helloworld.c'
'Invoking: ARM v7 gcc compiler'
arm-none-eabi-gcc -Wall -O0 -g3 -c -fmessage-length=0 -MT"src/helloworld.o" -mcpu=cortex-a9 -mfpu=vfpv3 -mfloat-abi=hard -I../../PS918106840727_TEST_bsp/ps7_cortexa9_0/include -MMD -MP -MF"src/helloworld.d" -MT"src/helloworld.o" -o "src/helloworld.o" "../src/helloworld.c"
../src/helloworld.c: In function 'rec_Char':
../src/helloworld.c:83:32: warning: bitwise comparison always evaluates to false [-Wtautological-compare]
  while((rChannel_sts_reg0&0x20)==0x2);
                                ^~
../src/helloworld.c: In function 'proBox':
../src/helloworld.c:393:16: warning: variable 'recdata' set but not used [-Wunused-but-set-variable]
  unsigned char recdata;
                ^~~~~~~
'Finished building: ../src/helloworld.c'
' '
'Building target: PS918106840727_TEST.elf'
'Invoking: ARM v7 gcc linker'
arm-none-eabi-gcc -mcpu=cortex-a9 -mfpu=vfpv3 -mfloat-abi=hard -Wl,-build-id=none -specs=Xilinx.spec -Wl,-T -Wl,../src/lscript.ld -L../../PS918106840727_TEST_bsp/ps7_cortexa9_0/lib -o "PS918106840727_TEST.elf"  ./src/helloworld.o ./src/platform.o   -Wl,--start-group,-lxil,-lgcc,-lc,--end-group
'Finished building target: PS918106840727_TEST.elf'
' '
'Invoking: ARM v7 Print Size'
arm-none-eabi-size PS918106840727_TEST.elf  |tee "PS918106840727_TEST.elf.size"
   text	   data	    bss	    dec	    hex	filename
  23460	   1144	  22616	  47220	   b874	PS918106840727_TEST.elf
'Finished building: PS918106840727_TEST.elf.size'
' '
10:34:19 **** Auto Build of configuration Debug for project PS918106840727_TEST ****
make pre-build main-build 
a9-linaro-pre-build-step
' '
'Building file: ../src/helloworld.c'
'Invoking: ARM v7 gcc compiler'
arm-none-eabi-gcc -Wall -O0 -g3 -c -fmessage-length=0 -MT"src/helloworld.o" -mcpu=cortex-a9 -mfpu=vfpv3 -mfloat-abi=hard -I../../PS918106840727_TEST_bsp/ps7_cortexa9_0/include -MMD -MP -MF"src/helloworld.d" -MT"src/helloworld.o" -o "src/helloworld.o" "../src/helloworld.c"
../src/helloworld.c: In function 'rec_Char':
../src/helloworld.c:83:32: warning: bitwise comparison always evaluates to false [-Wtautological-compare]
  while((rChannel_sts_reg0&0x20)==0x2);
                                ^~
../src/helloworld.c: In function 'proBox':
../src/helloworld.c:394:16: warning: variable 'recdata' set but not used [-Wunused-but-set-variable]
  unsigned char recdata;
                ^~~~~~~
'Finished building: ../src/helloworld.c'
' '
'Building target: PS918106840727_TEST.elf'
'Invoking: ARM v7 gcc linker'
arm-none-eabi-gcc -mcpu=cortex-a9 -mfpu=vfpv3 -mfloat-abi=hard -Wl,-build-id=none -specs=Xilinx.spec -Wl,-T -Wl,../src/lscript.ld -L../../PS918106840727_TEST_bsp/ps7_cortexa9_0/lib -o "PS918106840727_TEST.elf"  ./src/helloworld.o ./src/platform.o   -Wl,--start-group,-lxil,-lgcc,-lc,--end-group
'Finished building target: PS918106840727_TEST.elf'
' '
'Invoking: ARM v7 Print Size'
arm-none-eabi-size PS918106840727_TEST.elf  |tee "PS918106840727_TEST.elf.size"
   text	   data	    bss	    dec	    hex	filename
  23460	   1144	  22616	  47220	   b874	PS918106840727_TEST.elf
'Finished building: PS918106840727_TEST.elf.size'
' '
10:38:54 **** Auto Build of configuration Debug for project PS918106840727_TEST ****
make pre-build main-build 
a9-linaro-pre-build-step
' '
'Building file: ../src/helloworld.c'
'Invoking: ARM v7 gcc compiler'
arm-none-eabi-gcc -Wall -O0 -g3 -c -fmessage-length=0 -MT"src/helloworld.o" -mcpu=cortex-a9 -mfpu=vfpv3 -mfloat-abi=hard -I../../PS918106840727_TEST_bsp/ps7_cortexa9_0/include -MMD -MP -MF"src/helloworld.d" -MT"src/helloworld.o" -o "src/helloworld.o" "../src/helloworld.c"
../src/helloworld.c: In function 'rec_Char':
../src/helloworld.c:83:32: warning: bitwise comparison always evaluates to false [-Wtautological-compare]
  while((rChannel_sts_reg0&0x20)==0x2);
                                ^~
../src/helloworld.c: In function 'proBox':
../src/helloworld.c:394:16: warning: variable 'recdata' set but not used [-Wunused-but-set-variable]
  unsigned char recdata;
                ^~~~~~~
'Finished building: ../src/helloworld.c'
' '
'Building target: PS918106840727_TEST.elf'
'Invoking: ARM v7 gcc linker'
arm-none-eabi-gcc -mcpu=cortex-a9 -mfpu=vfpv3 -mfloat-abi=hard -Wl,-build-id=none -specs=Xilinx.spec -Wl,-T -Wl,../src/lscript.ld -L../../PS918106840727_TEST_bsp/ps7_cortexa9_0/lib -o "PS918106840727_TEST.elf"  ./src/helloworld.o ./src/platform.o   -Wl,--start-group,-lxil,-lgcc,-lc,--end-group
'Finished building target: PS918106840727_TEST.elf'
' '
'Invoking: ARM v7 Print Size'
arm-none-eabi-size PS918106840727_TEST.elf  |tee "PS918106840727_TEST.elf.size"
   text	   data	    bss	    dec	    hex	filename
  23460	   1144	  22616	  47220	   b874	PS918106840727_TEST.elf
'Finished building: PS918106840727_TEST.elf.size'
' '
11:06:00 **** Auto Build of configuration Debug for project PS918106840727_TEST ****
make pre-build main-build 
a9-linaro-pre-build-step
' '
'Building file: ../src/helloworld.c'
[...]
'Finished building target: PS918106840727_TEST.elf'
' '
'Invoking: ARM v7 Print Size'
arm-none-eabi-size PS918106840727_TEST.elf  |tee "PS918106840727_TEST.elf.size"
   text	   data	    bss	    dec	    hex	filename
  23900	   1144	  22616	  47660	   ba2c	PS918106840727_TEST.elf
'Finished building: PS918106840727_TEST.elf.size'
' '
16:06:07 **** Incremental Build of configuration Debug for project PS918106840727_TEST ****
make pre-build main-build 
a9-linaro-pre-build-step
' '
make: Nothing to be done for 'main-build'.
16:07:02 **** Auto Build of configuration Debug for project PS918106840727_TEST ****
make pre-build main-build 
a9-linaro-pre-build-step
' '
'Building file: ../src/helloworld.c'
'Invoking: ARM v7 gcc compiler'
arm-none-eabi-gcc -Wall -O0 -g3 -c -fmessage-length=0 -MT"src/helloworld.o" -mcpu=cortex-a9 -mfpu=vfpv3 -mfloat-abi=hard -I../../PS918106840727_TEST_bsp/ps7_cortexa9_0/include -MMD -MP -MF"src/helloworld.d" -MT"src/helloworld.o" -o "src/helloworld.o" "../src/helloworld.c"
../src/helloworld.c: In function 'rec_Char':
../src/helloworld.c:88:32: warning: bitwise comparison always evaluates to false [-Wtautological-compare]
  while((rChannel_sts_reg0&0x20)==0x2);
                                ^~
../src/helloworld.c: In function 'proBox':
../src/helloworld.c:452:16: warning: variable 'recdata' set but not used [-Wunused-but-set-variable]
  unsigned char recdata;
                ^~~~~~~
'Finished building: ../src/helloworld.c'
' '
'Building target: PS918106840727_TEST.elf'
'Invoking: ARM v7 gcc linker'
arm-none-eabi-gcc -mcpu=cortex-a9 -mfpu=vfpv3 -mfloat-abi=hard -Wl,-build-id=none -specs=Xilinx.spec -Wl,-T -Wl,../src/lscript.ld -L../../PS918106840727_TEST_bsp/ps7_cortexa9_0/lib -o "PS918106840727_TEST.elf"  ./src/helloworld.o ./src/platform.o   -Wl,--start-group,-lxil,-lgcc,-lc,--end-group
'Finished building target: PS918106840727_TEST.elf'
' '
'Invoking: ARM v7 Print Size'
arm-none-eabi-size PS918106840727_TEST.elf  |tee "PS918106840727_TEST.elf.size"
   text	   data	    bss	    dec	    hex	filename
  23888	   1144	  22616	  47648	   ba20	PS918106840727_TEST.elf
'Finished building: PS918106840727_TEST.elf.size'
' '
16:07:20 **** Auto Build of configuration Debug for project PS918106840727_TEST ****
make pre-build main-build 
a9-linaro-pre-build-step
' '
'Building file: ../src/helloworld.c'
'Invoking: ARM v7 gcc compiler'
arm-none-eabi-gcc -Wall -O0 -g3 -c -fmessage-length=0 -MT"src/helloworld.o" -mcpu=cortex-a9 -mfpu=vfpv3 -mfloat-abi=hard -I../../PS918106840727_TEST_bsp/ps7_cortexa9_0/include -MMD -MP -MF"src/helloworld.d" -MT"src/helloworld.o" -o "src/helloworld.o" "../src/helloworld.c"
../src/helloworld.c: In function 'rec_Char':
../src/helloworld.c:88:32: warning: bitwise comparison always evaluates to false [-Wtautological-compare]
  while((rChannel_sts_reg0&0x20)==0x2);
                                ^~
../src/helloworld.c: In function 'proBox':
../src/helloworld.c:452:16: warning: variable 'recdata' set but not used [-Wunused-but-set-variable]
  unsigned char recdata;
                ^~~~~~~
'Finished building: ../src/helloworld.c'
' '
'Building target: PS918106840727_TEST.elf'
'Invoking: ARM v7 gcc linker'
arm-none-eabi-gcc -mcpu=cortex-a9 -mfpu=vfpv3 -mfloat-abi=hard -Wl,-build-id=none -specs=Xilinx.spec -Wl,-T -Wl,../src/lscript.ld -L../../PS918106840727_TEST_bsp/ps7_cortexa9_0/lib -o "PS918106840727_TEST.elf"  ./src/helloworld.o ./src/platform.o   -Wl,--start-group,-lxil,-lgcc,-lc,--end-group
'Finished building target: PS918106840727_TEST.elf'
' '
'Invoking: ARM v7 Print Size'
arm-none-eabi-size PS918106840727_TEST.elf  |tee "PS918106840727_TEST.elf.size"
   text	   data	    bss	    dec	    hex	filename
  23900	   1144	  22616	  47660	   ba2c	PS918106840727_TEST.elf
'Finished building: PS918106840727_TEST.elf.size'
' '
16:07:23 **** Incremental Build of configuration Debug for project PS918106840727_TEST ****
make pre-build main-build 
a9-linaro-pre-build-step
' '
make: Nothing to be done for 'main-build'.
16:07:45 **** Auto Build of configuration Debug for project PS918106840727_TEST ****
make pre-build main-build 
a9-linaro-pre-build-step
' '
'Building file: ../src/helloworld.c'
'Invoking: ARM v7 gcc compiler'
arm-none-eabi-gcc -Wall -O0 -g3 -c -fmessage-length=0 -MT"src/helloworld.o" -mcpu=cortex-a9 -mfpu=vfpv3 -mfloat-abi=hard -I../../PS918106840727_TEST_bsp/ps7_cortexa9_0/include -MMD -MP -MF"src/helloworld.d" -MT"src/helloworld.o" -o "src/helloworld.o" "../src/helloworld.c"
../src/helloworld.c: In function 'rec_Char':
../src/helloworld.c:88:32: warning: bitwise comparison always evaluates to false [-Wtautological-compare]
  while((rChannel_sts_reg0&0x20)==0x2);
                                ^~
../src/helloworld.c: In function 'proBox':
../src/helloworld.c:452:16: warning: variable 'recdata' set but not used [-Wunused-but-set-variable]
  unsigned char recdata;
                ^~~~~~~
'Finished building: ../src/helloworld.c'
' '
'Building target: PS918106840727_TEST.elf'
'Invoking: ARM v7 gcc linker'
arm-none-eabi-gcc -mcpu=cortex-a9 -mfpu=vfpv3 -mfloat-abi=hard -Wl,-build-id=none -specs=Xilinx.spec -Wl,-T -Wl,../src/lscript.ld -L../../PS918106840727_TEST_bsp/ps7_cortexa9_0/lib -o "PS918106840727_TEST.elf"  ./src/helloworld.o ./src/platform.o   -Wl,--start-group,-lxil,-lgcc,-lc,--end-group
'Finished building target: PS918106840727_TEST.elf'
' '
'Invoking: ARM v7 Print Size'
arm-none-eabi-size PS918106840727_TEST.elf  |tee "PS918106840727_TEST.elf.size"
   text	   data	    bss	    dec	    hex	filename
  23900	   1144	  22616	  47660	   ba2c	PS918106840727_TEST.elf
'Finished building: PS918106840727_TEST.elf.size'
' '
16:07:52 **** Incremental Build of configuration Debug for project PS918106840727_TEST ****
make pre-build main-build 
a9-linaro-pre-build-step
' '
make: Nothing to be done for 'main-build'.
16:08:56 **** Auto Build of configuration Debug for project PS918106840727_TEST ****
make pre-build main-build 
a9-linaro-pre-build-step
' '
'Building file: ../src/helloworld.c'
'Invoking: ARM v7 gcc compiler'
arm-none-eabi-gcc -Wall -O0 -g3 -c -fmessage-length=0 -MT"src/helloworld.o" -mcpu=cortex-a9 -mfpu=vfpv3 -mfloat-abi=hard -I../../PS918106840727_TEST_bsp/ps7_cortexa9_0/include -MMD -MP -MF"src/helloworld.d" -MT"src/helloworld.o" -o "src/helloworld.o" "../src/helloworld.c"
../src/helloworld.c: In function 'rec_Char':
../src/helloworld.c:88:32: warning: bitwise comparison always evaluates to false [-Wtautological-compare]
  while((rChannel_sts_reg0&0x20)==0x2);
                                ^~
../src/helloworld.c: In function 'proBox':
../src/helloworld.c:452:16: warning: variable 'recdata' set but not used [-Wunused-but-set-variable]
  unsigned char recdata;
                ^~~~~~~
'Finished building: ../src/helloworld.c'
' '
'Building target: PS918106840727_TEST.elf'
'Invoking: ARM v7 gcc linker'
arm-none-eabi-gcc -mcpu=cortex-a9 -mfpu=vfpv3 -mfloat-abi=hard -Wl,-build-id=none -specs=Xilinx.spec -Wl,-T -Wl,../src/lscript.ld -L../../PS918106840727_TEST_bsp/ps7_cortexa9_0/lib -o "PS918106840727_TEST.elf"  ./src/helloworld.o ./src/platform.o   -Wl,--start-group,-lxil,-lgcc,-lc,--end-group
'Finished building target: PS918106840727_TEST.elf'
' '
'Invoking: ARM v7 Print Size'
arm-none-eabi-size PS918106840727_TEST.elf  |tee "PS918106840727_TEST.elf.size"
   text	   data	    bss	    dec	    hex	filename
  23900	   1144	  22616	  47660	   ba2c	PS918106840727_TEST.elf
'Finished building: PS918106840727_TEST.elf.size'
' '
16:08:58 **** Incremental Build of configuration Debug for project PS918106840727_TEST ****
make pre-build main-build 
a9-linaro-pre-build-step
' '
make: Nothing to be done for 'main-build'.
16:10:31 **** Auto Build of configuration Debug for project PS918106840727_TEST ****
make pre-build main-build 
a9-linaro-pre-build-step
' '
'Building file: ../src/helloworld.c'
'Invoking: ARM v7 gcc compiler'
arm-none-eabi-gcc -Wall -O0 -g3 -c -fmessage-length=0 -MT"src/helloworld.o" -mcpu=cortex-a9 -mfpu=vfpv3 -mfloat-abi=hard -I../../PS918106840727_TEST_bsp/ps7_cortexa9_0/include -MMD -MP -MF"src/helloworld.d" -MT"src/helloworld.o" -o "src/helloworld.o" "../src/helloworld.c"
../src/helloworld.c: In function 'rec_Char':
../src/helloworld.c:88:32: warning: bitwise comparison always evaluates to false [-Wtautological-compare]
  while((rChannel_sts_reg0&0x20)==0x2);
                                ^~
../src/helloworld.c: In function 'proBox':
../src/helloworld.c:452:16: warning: variable 'recdata' set but not used [-Wunused-but-set-variable]
  unsigned char recdata;
                ^~~~~~~
'Finished building: ../src/helloworld.c'
' '
'Building target: PS918106840727_TEST.elf'
'Invoking: ARM v7 gcc linker'
arm-none-eabi-gcc -mcpu=cortex-a9 -mfpu=vfpv3 -mfloat-abi=hard -Wl,-build-id=none -specs=Xilinx.spec -Wl,-T -Wl,../src/lscript.ld -L../../PS918106840727_TEST_bsp/ps7_cortexa9_0/lib -o "PS918106840727_TEST.elf"  ./src/helloworld.o ./src/platform.o   -Wl,--start-group,-lxil,-lgcc,-lc,--end-group
'Finished building target: PS918106840727_TEST.elf'
' '
'Invoking: ARM v7 Print Size'
arm-none-eabi-size PS918106840727_TEST.elf  |tee "PS918106840727_TEST.elf.size"
   text	   data	    bss	    dec	    hex	filename
  23900	   1144	  22616	  47660	   ba2c	PS918106840727_TEST.elf
'Finished building: PS918106840727_TEST.elf.size'
' '
16:10:35 **** Incremental Build of configuration Debug for project PS918106840727_TEST ****
make pre-build main-build 
a9-linaro-pre-build-step
' '
make: Nothing to be done for 'main-build'.
16:15:09 **** Auto Build of configuration Debug for project PS918106840727_TEST ****
make pre-build main-build 
a9-linaro-pre-build-step
' '
'Building file: ../src/helloworld.c'
'Invoking: ARM v7 gcc compiler'
arm-none-eabi-gcc -Wall -O0 -g3 -c -fmessage-length=0 -MT"src/helloworld.o" -mcpu=cortex-a9 -mfpu=vfpv3 -mfloat-abi=hard -I../../PS918106840727_TEST_bsp/ps7_cortexa9_0/include -MMD -MP -MF"src/helloworld.d" -MT"src/helloworld.o" -o "src/helloworld.o" "../src/helloworld.c"
../src/helloworld.c: In function 'proBox':
../src/helloworld.c:452:16: warning: variable 'recdata' set but not used [-Wunused-but-set-variable]
  unsigned char recdata;
                ^~~~~~~
'Finished building: ../src/helloworld.c'
' '
'Building target: PS918106840727_TEST.elf'
'Invoking: ARM v7 gcc linker'
arm-none-eabi-gcc -mcpu=cortex-a9 -mfpu=vfpv3 -mfloat-abi=hard -Wl,-build-id=none -specs=Xilinx.spec -Wl,-T -Wl,../src/lscript.ld -L../../PS918106840727_TEST_bsp/ps7_cortexa9_0/lib -o "PS918106840727_TEST.elf"  ./src/helloworld.o ./src/platform.o   -Wl,--start-group,-lxil,-lgcc,-lc,--end-group
'Finished building target: PS918106840727_TEST.elf'
' '
'Invoking: ARM v7 Print Size'
arm-none-eabi-size PS918106840727_TEST.elf  |tee "PS918106840727_TEST.elf.size"
   text	   data	    bss	    dec	    hex	filename
  23900	   1144	  22616	  47660	   ba2c	PS918106840727_TEST.elf
'Finished building: PS918106840727_TEST.elf.size'
' '
16:15:16 **** Incremental Build of configuration Debug for project PS918106840727_TEST ****
make pre-build main-build 
a9-linaro-pre-build-step
' '
make: Nothing to be done for 'main-build'.
16:15:28 **** Auto Build of configuration Debug for project PS918106840727_TEST ****
make pre-build main-build 
a9-linaro-pre-build-step
' '
'Building file: ../src/helloworld.c'
'Invoking: ARM v7 gcc compiler'
arm-none-eabi-gcc -Wall -O0 -g3 -c -fmessage-length=0 -MT"src/helloworld.o" -mcpu=cortex-a9 -mfpu=vfpv3 -mfloat-abi=hard -I../../PS918106840727_TEST_bsp/ps7_cortexa9_0/include -MMD -MP -MF"src/helloworld.d" -MT"src/helloworld.o" -o "src/helloworld.o" "../src/helloworld.c"
../src/helloworld.c: In function 'proBox':
../src/helloworld.c:452:16: warning: variable 'recdata' set but not used [-Wunused-but-set-variable]
  unsigned char recdata;
                ^~~~~~~
'Finished building: ../src/helloworld.c'
' '
'Building target: PS918106840727_TEST.elf'
'Invoking: ARM v7 gcc linker'
arm-none-eabi-gcc -mcpu=cortex-a9 -mfpu=vfpv3 -mfloat-abi=hard -Wl,-build-id=none -specs=Xilinx.spec -Wl,-T -Wl,../src/lscript.ld -L../../PS918106840727_TEST_bsp/ps7_cortexa9_0/lib -o "PS918106840727_TEST.elf"  ./src/helloworld.o ./src/platform.o   -Wl,--start-group,-lxil,-lgcc,-lc,--end-group
'Finished building target: PS918106840727_TEST.elf'
' '
'Invoking: ARM v7 Print Size'
arm-none-eabi-size PS918106840727_TEST.elf  |tee "PS918106840727_TEST.elf.size"
   text	   data	    bss	    dec	    hex	filename
  23888	   1144	  22616	  47648	   ba20	PS918106840727_TEST.elf
'Finished building: PS918106840727_TEST.elf.size'
' '
16:15:30 **** Incremental Build of configuration Debug for project PS918106840727_TEST ****
make pre-build main-build 
a9-linaro-pre-build-step
' '
make: Nothing to be done for 'main-build'.
16:17:00 **** Auto Build of configuration Debug for project PS918106840727_TEST ****
make pre-build main-build 
a9-linaro-pre-build-step
' '
'Building file: ../src/helloworld.c'
'Invoking: ARM v7 gcc compiler'
arm-none-eabi-gcc -Wall -O0 -g3 -c -fmessage-length=0 -MT"src/helloworld.o" -mcpu=cortex-a9 -mfpu=vfpv3 -mfloat-abi=hard -I../../PS918106840727_TEST_bsp/ps7_cortexa9_0/include -MMD -MP -MF"src/helloworld.d" -MT"src/helloworld.o" -o "src/helloworld.o" "../src/helloworld.c"
../src/helloworld.c: In function 'proBox':
../src/helloworld.c:452:16: warning: variable 'recdata' set but not used [-Wunused-but-set-variable]
  unsigned char recdata;
                ^~~~~~~
'Finished building: ../src/helloworld.c'
' '
'Building target: PS918106840727_TEST.elf'
'Invoking: ARM v7 gcc linker'
arm-none-eabi-gcc -mcpu=cortex-a9 -mfpu=vfpv3 -mfloat-abi=hard -Wl,-build-id=none -specs=Xilinx.spec -Wl,-T -Wl,../src/lscript.ld -L../../PS918106840727_TEST_bsp/ps7_cortexa9_0/lib -o "PS918106840727_TEST.elf"  ./src/helloworld.o ./src/platform.o   -Wl,--start-group,-lxil,-lgcc,-lc,--end-group
'Finished building target: PS918106840727_TEST.elf'
' '
'Invoking: ARM v7 Print Size'
arm-none-eabi-size PS918106840727_TEST.elf  |tee "PS918106840727_TEST.elf.size"
   text	   data	    bss	    dec	    hex	filename
  23904	   1144	  22616	  47664	   ba30	PS918106840727_TEST.elf
'Finished building: PS918106840727_TEST.elf.size'
' '
16:17:07 **** Auto Build of configuration Debug for project PS918106840727_TEST ****
make pre-build main-build 
a9-linaro-pre-build-step
' '
'Building file: ../src/helloworld.c'
'Invoking: ARM v7 gcc compiler'
arm-none-eabi-gcc -Wall -O0 -g3 -c -fmessage-length=0 -MT"src/helloworld.o" -mcpu=cortex-a9 -mfpu=vfpv3 -mfloat-abi=hard -I../../PS918106840727_TEST_bsp/ps7_cortexa9_0/include -MMD -MP -MF"src/helloworld.d" -MT"src/helloworld.o" -o "src/helloworld.o" "../src/helloworld.c"
../src/helloworld.c: In function 'proBox':
../src/helloworld.c:452:16: warning: variable 'recdata' set but not used [-Wunused-but-set-variable]
  unsigned char recdata;
                ^~~~~~~
'Finished building: ../src/helloworld.c'
' '
'Building target: PS918106840727_TEST.elf'
'Invoking: ARM v7 gcc linker'
arm-none-eabi-gcc -mcpu=cortex-a9 -mfpu=vfpv3 -mfloat-abi=hard -Wl,-build-id=none -specs=Xilinx.spec -Wl,-T -Wl,../src/lscript.ld -L../../PS918106840727_TEST_bsp/ps7_cortexa9_0/lib -o "PS918106840727_TEST.elf"  ./src/helloworld.o ./src/platform.o   -Wl,--start-group,-lxil,-lgcc,-lc,--end-group
'Finished building target: PS918106840727_TEST.elf'
' '
'Invoking: ARM v7 Print Size'
arm-none-eabi-size PS918106840727_TEST.elf  |tee "PS918106840727_TEST.elf.size"
   text	   data	    bss	    dec	    hex	filename
  23904	   1144	  22616	  47664	   ba30	PS918106840727_TEST.elf
'Finished building: PS918106840727_TEST.elf.size'
' '
16:17:12 **** Incremental Build of configuration Debug for project PS918106840727_TEST ****
make pre-build main-build 
a9-linaro-pre-build-step
' '
make: Nothing to be done for 'main-build'.
16:18:24 **** Auto Build of configuration Debug for project PS918106840727_TEST ****
make pre-build main-build 
a9-linaro-pre-build-step
' '
'Building file: ../src/helloworld.c'
'Invoking: ARM v7 gcc compiler'
arm-none-eabi-gcc -Wall -O0 -g3 -c -fmessage-length=0 -MT"src/helloworld.o" -mcpu=cortex-a9 -mfpu=vfpv3 -mfloat-abi=hard -I../../PS918106840727_TEST_bsp/ps7_cortexa9_0/include -MMD -MP -MF"src/helloworld.d" -MT"src/helloworld.o" -o "src/helloworld.o" "../src/helloworld.c"
../src/helloworld.c: In function 'proBox':
../src/helloworld.c:452:16: warning: variable 'recdata' set but not used [-Wunused-but-set-variable]
  unsigned char recdata;
                ^~~~~~~
'Finished building: ../src/helloworld.c'
' '
'Building target: PS918106840727_TEST.elf'
'Invoking: ARM v7 gcc linker'
arm-none-eabi-gcc -mcpu=cortex-a9 -mfpu=vfpv3 -mfloat-abi=hard -Wl,-build-id=none -specs=Xilinx.spec -Wl,-T -Wl,../src/lscript.ld -L../../PS918106840727_TEST_bsp/ps7_cortexa9_0/lib -o "PS918106840727_TEST.elf"  ./src/helloworld.o ./src/platform.o   -Wl,--start-group,-lxil,-lgcc,-lc,--end-group
'Finished building target: PS918106840727_TEST.elf'
' '
'Invoking: ARM v7 Print Size'
arm-none-eabi-size PS918106840727_TEST.elf  |tee "PS918106840727_TEST.elf.size"
   text	   data	    bss	    dec	    hex	filename
  23916	   1144	  22616	  47676	   ba3c	PS918106840727_TEST.elf
'Finished building: PS918106840727_TEST.elf.size'
' '
16:19:27 **** Auto Build of configuration Debug for project PS918106840727_TEST ****
make pre-build main-build 
a9-linaro-pre-build-step
' '
'Building file: ../src/helloworld.c'
'Invoking: ARM v7 gcc compiler'
arm-none-eabi-gcc -Wall -O0 -g3 -c -fmessage-length=0 -MT"src/helloworld.o" -mcpu=cortex-a9 -mfpu=vfpv3 -mfloat-abi=hard -I../../PS918106840727_TEST_bsp/ps7_cortexa9_0/include -MMD -MP -MF"src/helloworld.d" -MT"src/helloworld.o" -o "src/helloworld.o" "../src/helloworld.c"
'Finished building: ../src/helloworld.c'
' '
'Building target: PS918106840727_TEST.elf'
'Invoking: ARM v7 gcc linker'
arm-none-eabi-gcc -mcpu=cortex-a9 -mfpu=vfpv3 -mfloat-abi=hard -Wl,-build-id=none -specs=Xilinx.spec -Wl,-T -Wl,../src/lscript.ld -L../../PS918106840727_TEST_bsp/ps7_cortexa9_0/lib -o "PS918106840727_TEST.elf"  ./src/helloworld.o ./src/platform.o   -Wl,--start-group,-lxil,-lgcc,-lc,--end-group
'Finished building target: PS918106840727_TEST.elf'
' '
'Invoking: ARM v7 Print Size'
arm-none-eabi-size PS918106840727_TEST.elf  |tee "PS918106840727_TEST.elf.size"
   text	   data	    bss	    dec	    hex	filename
  23904	   1144	  22616	  47664	   ba30	PS918106840727_TEST.elf
'Finished building: PS918106840727_TEST.elf.size'
' '
16:19:37 **** Incremental Build of configuration Debug for project PS918106840727_TEST ****
make pre-build main-build 
a9-linaro-pre-build-step
' '
make: Nothing to be done for 'main-build'.
16:23:22 **** Incremental Build of configuration Debug for project PS918106840727_TEST ****
make pre-build main-build 
a9-linaro-pre-build-step
' '
make: Nothing to be done for 'main-build'.
16:31:47 **** Incremental Build of configuration Debug for project PS918106840727_TEST ****
make pre-build main-build 
a9-linaro-pre-build-step
' '
make: Nothing to be done for 'main-build'.
16:34:03 **** Incremental Build of configuration Debug for project PS918106840727_TEST ****
make pre-build main-build 
a9-linaro-pre-build-step
' '
make: Nothing to be done for 'main-build'.
16:34:58 **** Incremental Build of configuration Debug for project PS918106840727_TEST ****
make pre-build main-build 
a9-linaro-pre-build-step
' '
make: Nothing to be done for 'main-build'.
16:41:47 **** Incremental Build of configuration Debug for project PS918106840727_TEST ****
make pre-build main-build 
a9-linaro-pre-build-step
' '
make: Nothing to be done for 'main-build'.
16:42:37 **** Incremental Build of configuration Debug for project PS918106840727_TEST ****
make pre-build main-build 
a9-linaro-pre-build-step
' '
make: Nothing to be done for 'main-build'.
16:46:18 **** Incremental Build of configuration Debug for project PS918106840727_TEST ****
make pre-build main-build 
a9-linaro-pre-build-step
' '
make: Nothing to be done for 'main-build'.
